<!doctype html public "-//w3c//dtd html 4.0 transitional//en">
<html><head>
<title>Static Call Graph - [LoRaWAN_AT_Slave\LoRaWAN_AT_Slave.axf]</title></head>
<body><HR>
<H1>Static Call Graph for image LoRaWAN_AT_Slave\LoRaWAN_AT_Slave.axf</H1><HR>
<BR><P>#&#060CALLGRAPH&#062# ARM Linker, 6130100: Last Updated: Sat Sep 16 11:56:05 2023
<BR><P>
<H3>Maximum Stack Usage =       1008 bytes + Unknown(Cycles, Untraceable Function Pointers)</H3><H3>
Call chain for Maximum Stack Depth:</H3>
LmHandlerProcess &rArr; LoRaMacProcess &rArr; LoRaMacCryptoUnsecureMessage &rArr; SecureElementVerifyAesCmac &rArr; ComputeCmac &rArr; AES_CMAC_Final &rArr; lorawan_aes_encrypt &rArr; xor_block
<P>
<H3>
Mutually Recursive functions
</H3> <LI><a href="#[35]">ADC_IRQHandler</a>&nbsp;&nbsp;&nbsp;&rArr;&nbsp;&nbsp;&nbsp;<a href="#[35]">ADC_IRQHandler</a><BR>
 <LI><a href="#[13a]">memcpy1</a>&nbsp;&nbsp;&nbsp;&rArr;&nbsp;&nbsp;&nbsp;<a href="#[13a]">memcpy1</a><BR>
 <LI><a href="#[138]">memset1</a>&nbsp;&nbsp;&nbsp;&rArr;&nbsp;&nbsp;&nbsp;<a href="#[138]">memset1</a><BR>
 <LI><a href="#[1a4]">UTIL_MEM_cpy_8</a>&nbsp;&nbsp;&nbsp;&rArr;&nbsp;&nbsp;&nbsp;<a href="#[1a4]">UTIL_MEM_cpy_8</a><BR>
 <LI><a href="#[336]">UTIL_MEM_set_8</a>&nbsp;&nbsp;&nbsp;&rArr;&nbsp;&nbsp;&nbsp;<a href="#[336]">UTIL_MEM_set_8</a><BR>
 <LI><a href="#[1d]">BusFault_Handler</a>&nbsp;&nbsp;&nbsp;&rArr;&nbsp;&nbsp;&nbsp;<a href="#[1d]">BusFault_Handler</a><BR>
 <LI><a href="#[1b]">HardFault_Handler</a>&nbsp;&nbsp;&nbsp;&rArr;&nbsp;&nbsp;&nbsp;<a href="#[1b]">HardFault_Handler</a><BR>
 <LI><a href="#[1c]">MemManage_Handler</a>&nbsp;&nbsp;&nbsp;&rArr;&nbsp;&nbsp;&nbsp;<a href="#[1c]">MemManage_Handler</a><BR>
 <LI><a href="#[1a]">NMI_Handler</a>&nbsp;&nbsp;&nbsp;&rArr;&nbsp;&nbsp;&nbsp;<a href="#[1a]">NMI_Handler</a><BR>
 <LI><a href="#[1e]">UsageFault_Handler</a>&nbsp;&nbsp;&nbsp;&rArr;&nbsp;&nbsp;&nbsp;<a href="#[1e]">UsageFault_Handler</a><BR>
 <LI><a href="#[359]">UART_EndTxTransfer</a>&nbsp;&nbsp;&nbsp;&rArr;&nbsp;&nbsp;&nbsp;<a href="#[359]">UART_EndTxTransfer</a><BR>
 <LI><a href="#[f4]">RadioSetPublicNetwork</a>&nbsp;&nbsp;&nbsp;&rArr;&nbsp;&nbsp;&nbsp;<a href="#[e0]">RadioSetModem</a><BR>
</UL>
<P>
<H3>
Function Pointers
</H3><UL>
 <LI><a href="#[35]">ADC_IRQHandler</a> from startup_stm32wl55xx_cm4.o(.text) referenced from startup_stm32wl55xx_cm4.o(RESET)
 <LI><a href="#[56]">AES_IRQHandler</a> from startup_stm32wl55xx_cm4.o(.text) referenced from startup_stm32wl55xx_cm4.o(RESET)
 <LI><a href="#[ba]">AT_ADR_get</a> from lora_at.o(.text.AT_ADR_get) referenced from lora_command.o(.rodata.ATCommand)
 <LI><a href="#[bb]">AT_ADR_set</a> from lora_at.o(.text.AT_ADR_set) referenced from lora_command.o(.rodata.ATCommand)
 <LI><a href="#[ab]">AT_AppKey_get</a> from lora_at.o(.text.AT_AppKey_get) referenced from lora_command.o(.rodata.ATCommand)
 <LI><a href="#[ac]">AT_AppKey_set</a> from lora_at.o(.text.AT_AppKey_set) referenced from lora_command.o(.rodata.ATCommand)
 <LI><a href="#[af]">AT_AppSKey_get</a> from lora_at.o(.text.AT_AppSKey_get) referenced from lora_command.o(.rodata.ATCommand)
 <LI><a href="#[b0]">AT_AppSKey_set</a> from lora_at.o(.text.AT_AppSKey_set) referenced from lora_command.o(.rodata.ATCommand)
 <LI><a href="#[dc]">AT_Certif</a> from lora_at.o(.text.AT_Certif) referenced from lora_command.o(.rodata.ATCommand)
 <LI><a href="#[bc]">AT_DataRate_get</a> from lora_at.o(.text.AT_DataRate_get) referenced from lora_command.o(.rodata.ATCommand)
 <LI><a href="#[bd]">AT_DataRate_set</a> from lora_at.o(.text.AT_DataRate_set) referenced from lora_command.o(.rodata.ATCommand)
 <LI><a href="#[b1]">AT_DevAddr_get</a> from lora_at.o(.text.AT_DevAddr_get) referenced from lora_command.o(.rodata.ATCommand)
 <LI><a href="#[b2]">AT_DevAddr_set</a> from lora_at.o(.text.AT_DevAddr_set) referenced from lora_command.o(.rodata.ATCommand)
 <LI><a href="#[b3]">AT_DevEUI_get</a> from lora_at.o(.text.AT_DevEUI_get) referenced from lora_command.o(.rodata.ATCommand)
 <LI><a href="#[b4]">AT_DevEUI_set</a> from lora_at.o(.text.AT_DevEUI_set) referenced from lora_command.o(.rodata.ATCommand)
 <LI><a href="#[c0]">AT_DeviceClass_get</a> from lora_at.o(.text.AT_DeviceClass_get) referenced from lora_command.o(.rodata.ATCommand)
 <LI><a href="#[c1]">AT_DeviceClass_set</a> from lora_at.o(.text.AT_DeviceClass_set) referenced from lora_command.o(.rodata.ATCommand)
 <LI><a href="#[c2]">AT_DutyCycle_get</a> from lora_at.o(.text.AT_DutyCycle_get) referenced from lora_command.o(.rodata.ATCommand)
 <LI><a href="#[c3]">AT_DutyCycle_set</a> from lora_at.o(.text.AT_DutyCycle_set) referenced from lora_command.o(.rodata.ATCommand)
 <LI><a href="#[b7]">AT_Join</a> from lora_at.o(.text.AT_Join) referenced from lora_command.o(.rodata.ATCommand)
 <LI><a href="#[c4]">AT_JoinAcceptDelay1_get</a> from lora_at.o(.text.AT_JoinAcceptDelay1_get) referenced from lora_command.o(.rodata.ATCommand)
 <LI><a href="#[c5]">AT_JoinAcceptDelay1_set</a> from lora_at.o(.text.AT_JoinAcceptDelay1_set) referenced from lora_command.o(.rodata.ATCommand)
 <LI><a href="#[c6]">AT_JoinAcceptDelay2_get</a> from lora_at.o(.text.AT_JoinAcceptDelay2_get) referenced from lora_command.o(.rodata.ATCommand)
 <LI><a href="#[c7]">AT_JoinAcceptDelay2_set</a> from lora_at.o(.text.AT_JoinAcceptDelay2_set) referenced from lora_command.o(.rodata.ATCommand)
 <LI><a href="#[a7]">AT_JoinEUI_get</a> from lora_at.o(.text.AT_JoinEUI_get) referenced from lora_command.o(.rodata.ATCommand)
 <LI><a href="#[a8]">AT_JoinEUI_set</a> from lora_at.o(.text.AT_JoinEUI_set) referenced from lora_command.o(.rodata.ATCommand)
 <LI><a href="#[b8]">AT_Link_Check</a> from lora_at.o(.text.AT_Link_Check) referenced from lora_command.o(.rodata.ATCommand)
 <LI><a href="#[a3]">AT_LocalTime_get</a> from lora_at.o(.text.AT_LocalTime_get) referenced from lora_command.o(.rodata.ATCommand)
 <LI><a href="#[b5]">AT_NetworkID_get</a> from lora_at.o(.text.AT_NetworkID_get) referenced from lora_command.o(.rodata.ATCommand)
 <LI><a href="#[b6]">AT_NetworkID_set</a> from lora_at.o(.text.AT_NetworkID_set) referenced from lora_command.o(.rodata.ATCommand)
 <LI><a href="#[a9]">AT_NwkKey_get</a> from lora_at.o(.text.AT_NwkKey_get) referenced from lora_command.o(.rodata.ATCommand)
 <LI><a href="#[aa]">AT_NwkKey_set</a> from lora_at.o(.text.AT_NwkKey_set) referenced from lora_command.o(.rodata.ATCommand)
 <LI><a href="#[ad]">AT_NwkSKey_get</a> from lora_at.o(.text.AT_NwkSKey_get) referenced from lora_command.o(.rodata.ATCommand)
 <LI><a href="#[ae]">AT_NwkSKey_set</a> from lora_at.o(.text.AT_NwkSKey_set) referenced from lora_command.o(.rodata.ATCommand)
 <LI><a href="#[d2]">AT_PingSlot_get</a> from lora_at.o(.text.AT_PingSlot_get) referenced from lora_command.o(.rodata.ATCommand)
 <LI><a href="#[d3]">AT_PingSlot_set</a> from lora_at.o(.text.AT_PingSlot_set) referenced from lora_command.o(.rodata.ATCommand)
 <LI><a href="#[be]">AT_Region_get</a> from lora_at.o(.text.AT_Region_get) referenced from lora_command.o(.rodata.ATCommand)
 <LI><a href="#[bf]">AT_Region_set</a> from lora_at.o(.text.AT_Region_set) referenced from lora_command.o(.rodata.ATCommand)
 <LI><a href="#[c8]">AT_Rx1Delay_get</a> from lora_at.o(.text.AT_Rx1Delay_get) referenced from lora_command.o(.rodata.ATCommand)
 <LI><a href="#[c9]">AT_Rx1Delay_set</a> from lora_at.o(.text.AT_Rx1Delay_set) referenced from lora_command.o(.rodata.ATCommand)
 <LI><a href="#[cc]">AT_Rx2DataRate_get</a> from lora_at.o(.text.AT_Rx2DataRate_get) referenced from lora_command.o(.rodata.ATCommand)
 <LI><a href="#[cd]">AT_Rx2DataRate_set</a> from lora_at.o(.text.AT_Rx2DataRate_set) referenced from lora_command.o(.rodata.ATCommand)
 <LI><a href="#[ca]">AT_Rx2Delay_get</a> from lora_at.o(.text.AT_Rx2Delay_get) referenced from lora_command.o(.rodata.ATCommand)
 <LI><a href="#[cb]">AT_Rx2Delay_set</a> from lora_at.o(.text.AT_Rx2Delay_set) referenced from lora_command.o(.rodata.ATCommand)
 <LI><a href="#[ce]">AT_Rx2Frequency_get</a> from lora_at.o(.text.AT_Rx2Frequency_get) referenced from lora_command.o(.rodata.ATCommand)
 <LI><a href="#[cf]">AT_Rx2Frequency_set</a> from lora_at.o(.text.AT_Rx2Frequency_set) referenced from lora_command.o(.rodata.ATCommand)
 <LI><a href="#[b9]">AT_Send</a> from lora_at.o(.text.AT_Send) referenced from lora_command.o(.rodata.ATCommand)
 <LI><a href="#[d0]">AT_TransmitPower_get</a> from lora_at.o(.text.AT_TransmitPower_get) referenced from lora_command.o(.rodata.ATCommand)
 <LI><a href="#[d1]">AT_TransmitPower_set</a> from lora_at.o(.text.AT_TransmitPower_set) referenced from lora_command.o(.rodata.ATCommand)
 <LI><a href="#[dd]">AT_bat_get</a> from lora_at.o(.text.AT_bat_get) referenced from lora_command.o(.rodata.ATCommand)
 <LI><a href="#[a4]">AT_reset</a> from lora_at.o(.text.AT_reset) referenced from lora_command.o(.rodata.ATCommand)
 <LI><a href="#[a5]">AT_restore_factory_settings</a> from lora_at.o(.text.AT_restore_factory_settings) referenced from lora_command.o(.rodata.ATCommand)
 <LI><a href="#[a0]">AT_return_error</a> from lora_at.o(.text.AT_return_error) referenced 55 times from lora_command.o(.rodata.ATCommand)
 <LI><a href="#[a6]">AT_store_context</a> from lora_at.o(.text.AT_store_context) referenced from lora_command.o(.rodata.ATCommand)
 <LI><a href="#[d6]">AT_test_get_config</a> from lora_at.o(.text.AT_test_get_config) referenced from lora_command.o(.rodata.ATCommand)
 <LI><a href="#[d9]">AT_test_rx</a> from lora_at.o(.text.AT_test_rx) referenced from lora_command.o(.rodata.ATCommand)
 <LI><a href="#[d5]">AT_test_rxRssi</a> from lora_at.o(.text.AT_test_rxRssi) referenced from lora_command.o(.rodata.ATCommand)
 <LI><a href="#[d7]">AT_test_set_config</a> from lora_at.o(.text.AT_test_set_config) referenced from lora_command.o(.rodata.ATCommand)
 <LI><a href="#[db]">AT_test_stop</a> from lora_at.o(.text.AT_test_stop) referenced from lora_command.o(.rodata.ATCommand)
 <LI><a href="#[d8]">AT_test_tx</a> from lora_at.o(.text.AT_test_tx) referenced from lora_command.o(.rodata.ATCommand)
 <LI><a href="#[d4]">AT_test_txTone</a> from lora_at.o(.text.AT_test_txTone) referenced from lora_command.o(.rodata.ATCommand)
 <LI><a href="#[da]">AT_test_tx_hopping</a> from lora_at.o(.text.AT_test_tx_hopping) referenced from lora_command.o(.rodata.ATCommand)
 <LI><a href="#[a1]">AT_verbose_get</a> from lora_at.o(.text.AT_verbose_get) referenced from lora_command.o(.rodata.ATCommand)
 <LI><a href="#[a2]">AT_verbose_set</a> from lora_at.o(.text.AT_verbose_set) referenced from lora_command.o(.rodata.ATCommand)
 <LI><a href="#[9f]">AT_version_get</a> from lora_at.o(.text.AT_version_get) referenced from lora_command.o(.rodata.ATCommand)
 <LI><a href="#[1d]">BusFault_Handler</a> from stm32wlxx_it.o(.text.BusFault_Handler) referenced from startup_stm32wl55xx_cm4.o(RESET)
 <LI><a href="#[37]">C2SEV_PWR_C2H_IRQHandler</a> from startup_stm32wl55xx_cm4.o(.text) referenced from startup_stm32wl55xx_cm4.o(RESET)
 <LI><a href="#[67]">CMD_GetChar</a> from lora_command.o(.text.CMD_GetChar) referenced from lora_command.o(.text.CMD_Init)
 <LI><a href="#[8b]">CMD_Process</a> from lora_command.o(.text.CMD_Process) referenced from lora_app.o(.text.LoRaWAN_Init)
 <LI><a href="#[38]">COMP_IRQHandler</a> from startup_stm32wl55xx_cm4.o(.text) referenced from startup_stm32wl55xx_cm4.o(RESET)
 <LI><a href="#[65]">CertifSend</a> from lora_at.o(.text.CertifSend) referenced from lora_at.o(.text.AT_Certif)
 <LI><a href="#[86]">CmdProcessNotify</a> from lora_app.o(.text.CmdProcessNotify) referenced from lora_app.o(.text.LoRaWAN_Init)
 <LI><a href="#[36]">DAC_IRQHandler</a> from startup_stm32wl55xx_cm4.o(.text) referenced from startup_stm32wl55xx_cm4.o(RESET)
 <LI><a href="#[2e]">DMA1_Channel1_IRQHandler</a> from startup_stm32wl55xx_cm4.o(.text) referenced from startup_stm32wl55xx_cm4.o(RESET)
 <LI><a href="#[2f]">DMA1_Channel2_IRQHandler</a> from startup_stm32wl55xx_cm4.o(.text) referenced from startup_stm32wl55xx_cm4.o(RESET)
 <LI><a href="#[30]">DMA1_Channel3_IRQHandler</a> from startup_stm32wl55xx_cm4.o(.text) referenced from startup_stm32wl55xx_cm4.o(RESET)
 <LI><a href="#[31]">DMA1_Channel4_IRQHandler</a> from startup_stm32wl55xx_cm4.o(.text) referenced from startup_stm32wl55xx_cm4.o(RESET)
 <LI><a href="#[32]">DMA1_Channel5_IRQHandler</a> from stm32wlxx_it.o(.text.DMA1_Channel5_IRQHandler) referenced from startup_stm32wl55xx_cm4.o(RESET)
 <LI><a href="#[33]">DMA1_Channel6_IRQHandler</a> from startup_stm32wl55xx_cm4.o(.text) referenced from startup_stm32wl55xx_cm4.o(RESET)
 <LI><a href="#[34]">DMA1_Channel7_IRQHandler</a> from startup_stm32wl55xx_cm4.o(.text) referenced from startup_stm32wl55xx_cm4.o(RESET)
 <LI><a href="#[59]">DMA2_Channel1_IRQHandler</a> from startup_stm32wl55xx_cm4.o(.text) referenced from startup_stm32wl55xx_cm4.o(RESET)
 <LI><a href="#[5a]">DMA2_Channel2_IRQHandler</a> from startup_stm32wl55xx_cm4.o(.text) referenced from startup_stm32wl55xx_cm4.o(RESET)
 <LI><a href="#[5b]">DMA2_Channel3_IRQHandler</a> from startup_stm32wl55xx_cm4.o(.text) referenced from startup_stm32wl55xx_cm4.o(RESET)
 <LI><a href="#[5c]">DMA2_Channel4_IRQHandler</a> from startup_stm32wl55xx_cm4.o(.text) referenced from startup_stm32wl55xx_cm4.o(RESET)
 <LI><a href="#[5d]">DMA2_Channel5_IRQHandler</a> from startup_stm32wl55xx_cm4.o(.text) referenced from startup_stm32wl55xx_cm4.o(RESET)
 <LI><a href="#[5e]">DMA2_Channel6_IRQHandler</a> from startup_stm32wl55xx_cm4.o(.text) referenced from startup_stm32wl55xx_cm4.o(RESET)
 <LI><a href="#[5f]">DMA2_Channel7_IRQHandler</a> from startup_stm32wl55xx_cm4.o(.text) referenced from startup_stm32wl55xx_cm4.o(RESET)
 <LI><a href="#[60]">DMAMUX1_OVR_IRQHandler</a> from startup_stm32wl55xx_cm4.o(.text) referenced from startup_stm32wl55xx_cm4.o(RESET)
 <LI><a href="#[20]">DebugMon_Handler</a> from stm32wlxx_it.o(.text.DebugMon_Handler) referenced from startup_stm32wl55xx_cm4.o(RESET)
 <LI><a href="#[29]">EXTI0_IRQHandler</a> from startup_stm32wl55xx_cm4.o(.text) referenced from startup_stm32wl55xx_cm4.o(RESET)
 <LI><a href="#[4c]">EXTI15_10_IRQHandler</a> from startup_stm32wl55xx_cm4.o(.text) referenced from startup_stm32wl55xx_cm4.o(RESET)
 <LI><a href="#[2a]">EXTI1_IRQHandler</a> from startup_stm32wl55xx_cm4.o(.text) referenced from startup_stm32wl55xx_cm4.o(RESET)
 <LI><a href="#[2b]">EXTI2_IRQHandler</a> from startup_stm32wl55xx_cm4.o(.text) referenced from startup_stm32wl55xx_cm4.o(RESET)
 <LI><a href="#[2c]">EXTI3_IRQHandler</a> from startup_stm32wl55xx_cm4.o(.text) referenced from startup_stm32wl55xx_cm4.o(RESET)
 <LI><a href="#[2d]">EXTI4_IRQHandler</a> from startup_stm32wl55xx_cm4.o(.text) referenced from startup_stm32wl55xx_cm4.o(RESET)
 <LI><a href="#[39]">EXTI9_5_IRQHandler</a> from startup_stm32wl55xx_cm4.o(.text) referenced from startup_stm32wl55xx_cm4.o(RESET)
 <LI><a href="#[27]">FLASH_IRQHandler</a> from startup_stm32wl55xx_cm4.o(.text) referenced from startup_stm32wl55xx_cm4.o(RESET)
 <LI><a href="#[0]">GetBatteryLevel</a> from sys_app.o(.text.GetBatteryLevel) referenced 2 times from lora_app.o(.data..L_MergedGlobals)
 <LI><a href="#[3]">GetDevAddr</a> from sys_app.o(.text.GetDevAddr) referenced 2 times from lora_app.o(.data..L_MergedGlobals)
 <LI><a href="#[1]">GetTemperatureLevel</a> from sys_app.o(.text.GetTemperatureLevel) referenced 2 times from lora_app.o(.data..L_MergedGlobals)
 <LI><a href="#[2]">GetUniqueId</a> from sys_app.o(.text.GetUniqueId) referenced 2 times from lora_app.o(.data..L_MergedGlobals)
 <LI><a href="#[8d]">HAL_GPIO_Init</a> from stm32wlxx_hal_gpio.o(.text.HAL_GPIO_Init) referenced from gpio.o(.text.MX_GPIO_Init)
 <LI><a href="#[52]">HSEM_IRQHandler</a> from startup_stm32wl55xx_cm4.o(.text) referenced from startup_stm32wl55xx_cm4.o(RESET)
 <LI><a href="#[1b]">HardFault_Handler</a> from stm32wlxx_it.o(.text.HardFault_Handler) referenced from startup_stm32wl55xx_cm4.o(RESET)
 <LI><a href="#[42]">I2C1_ER_IRQHandler</a> from startup_stm32wl55xx_cm4.o(.text) referenced from startup_stm32wl55xx_cm4.o(RESET)
 <LI><a href="#[41]">I2C1_EV_IRQHandler</a> from startup_stm32wl55xx_cm4.o(.text) referenced from startup_stm32wl55xx_cm4.o(RESET)
 <LI><a href="#[44]">I2C2_ER_IRQHandler</a> from startup_stm32wl55xx_cm4.o(.text) referenced from startup_stm32wl55xx_cm4.o(RESET)
 <LI><a href="#[43]">I2C2_EV_IRQHandler</a> from startup_stm32wl55xx_cm4.o(.text) referenced from startup_stm32wl55xx_cm4.o(RESET)
 <LI><a href="#[54]">I2C3_ER_IRQHandler</a> from startup_stm32wl55xx_cm4.o(.text) referenced from startup_stm32wl55xx_cm4.o(RESET)
 <LI><a href="#[53]">I2C3_EV_IRQHandler</a> from startup_stm32wl55xx_cm4.o(.text) referenced from startup_stm32wl55xx_cm4.o(RESET)
 <LI><a href="#[50]">IPCC_C1_RX_IRQHandler</a> from startup_stm32wl55xx_cm4.o(.text) referenced from startup_stm32wl55xx_cm4.o(RESET)
 <LI><a href="#[51]">IPCC_C1_TX_IRQHandler</a> from startup_stm32wl55xx_cm4.o(.text) referenced from startup_stm32wl55xx_cm4.o(RESET)
 <LI><a href="#[8c]">LL_AHB2_GRP1_EnableClock</a> from gpio.o(.text.LL_AHB2_GRP1_EnableClock) referenced from gpio.o(.text.MX_GPIO_Init)
 <LI><a href="#[4a]">LPTIM1_IRQHandler</a> from startup_stm32wl55xx_cm4.o(.text) referenced from startup_stm32wl55xx_cm4.o(RESET)
 <LI><a href="#[4b]">LPTIM2_IRQHandler</a> from startup_stm32wl55xx_cm4.o(.text) referenced from startup_stm32wl55xx_cm4.o(RESET)
 <LI><a href="#[4e]">LPTIM3_IRQHandler</a> from startup_stm32wl55xx_cm4.o(.text) referenced from startup_stm32wl55xx_cm4.o(RESET)
 <LI><a href="#[49]">LPUART1_IRQHandler</a> from stm32wlxx_it.o(.text.LPUART1_IRQHandler) referenced from startup_stm32wl55xx_cm4.o(RESET)
 <LI><a href="#[78]">LmHandlerDeviceTimeReq</a> from lmhandler.o(.text.LmHandlerDeviceTimeReq) referenced from lmhandler.o(.text.LmHandlerPackageRegister)
 <LI><a href="#[77]">LmHandlerJoin</a> from lmhandler.o(.text.LmHandlerJoin) referenced from lmhandler.o(.text.LmHandlerPackageRegister)
 <LI><a href="#[74]">LmHandlerOnPingSlotPeriodicityChanged</a> from lmhandler.o(.text.LmHandlerOnPingSlotPeriodicityChanged) referenced from lmhandler.o(.text.LmHandlerInit)
 <LI><a href="#[75]">LmHandlerOnTxFrameCtrlChanged</a> from lmhandler.o(.text.LmHandlerOnTxFrameCtrlChanged) referenced from lmhandler.o(.text.LmHandlerInit)
 <LI><a href="#[8a]">LmHandlerProcess</a> from lmhandler.o(.text.LmHandlerProcess) referenced from lora_app.o(.text.LoRaWAN_Init)
 <LI><a href="#[12]">LmhpComplianceInit</a> from lmhpcompliance.o(.text.LmhpComplianceInit) referenced 2 times from lmhpcompliance.o(.data.CompliancePackage)
 <LI><a href="#[13]">LmhpComplianceIsInitialized</a> from lmhpcompliance.o(.text.LmhpComplianceIsInitialized) referenced 2 times from lmhpcompliance.o(.data.CompliancePackage)
 <LI><a href="#[14]">LmhpComplianceIsTxPending</a> from lmhpcompliance.o(.text.LmhpComplianceIsTxPending) referenced 2 times from lmhpcompliance.o(.data.CompliancePackage)
 <LI><a href="#[16]">LmhpComplianceOnMcpsIndication</a> from lmhpcompliance.o(.text.LmhpComplianceOnMcpsIndication) referenced 2 times from lmhpcompliance.o(.data.CompliancePackage)
 <LI><a href="#[17]">LmhpComplianceOnMlmeConfirm</a> from lmhpcompliance.o(.text.LmhpComplianceOnMlmeConfirm) referenced 2 times from lmhpcompliance.o(.data.CompliancePackage)
 <LI><a href="#[18]">LmhpComplianceOnMlmeIndication</a> from lmhpcompliance.o(.text.LmhpComplianceOnMlmeIndication) referenced 2 times from lmhpcompliance.o(.data.CompliancePackage)
 <LI><a href="#[15]">LmhpComplianceProcess</a> from lmhpcompliance.o(.text.LmhpComplianceProcess) referenced 2 times from lmhpcompliance.o(.data.CompliancePackage)
 <LI><a href="#[6e]">LoRaMacMibGetRequestConfirm</a> from loramac.o(.text.LoRaMacMibGetRequestConfirm) referenced from lmhandler.o(.text.LmHandlerConfigure)
 <LI><a href="#[76]">LoRaMacMibSetRequestConfirm</a> from loramac.o(.text.LoRaMacMibSetRequestConfirm) referenced from lmhandler.o(.text.LmHandlerJoin)
 <LI><a href="#[72]">McpsConfirm</a> from lmhandler.o(.text.McpsConfirm) referenced from lmhandler.o(.text.LmHandlerInit)
 <LI><a href="#[71]">McpsIndication</a> from lmhandler.o(.text.McpsIndication) referenced from lmhandler.o(.text.LmHandlerInit)
 <LI><a href="#[1c]">MemManage_Handler</a> from stm32wlxx_it.o(.text.MemManage_Handler) referenced from startup_stm32wl55xx_cm4.o(RESET)
 <LI><a href="#[70]">MlmeConfirm</a> from lmhandler.o(.text.MlmeConfirm) referenced from lmhandler.o(.text.LmHandlerInit)
 <LI><a href="#[6f]">MlmeIndication</a> from lmhandler.o(.text.MlmeIndication) referenced from lmhandler.o(.text.LmHandlerInit)
 <LI><a href="#[1a]">NMI_Handler</a> from stm32wlxx_it.o(.text.NMI_Handler) referenced from startup_stm32wl55xx_cm4.o(RESET)
 <LI><a href="#[73]">NvmDataMgmtEvent</a> from nvmdatamgmt.o(.text.NvmDataMgmtEvent) referenced from lmhandler.o(.text.LmHandlerInit)
 <LI><a href="#[c]">OnBeaconStatusChange</a> from lora_app.o(.text.OnBeaconStatusChange) referenced 2 times from lora_app.o(.data..L_MergedGlobals)
 <LI><a href="#[64]">OnCertifTimer</a> from lora_at.o(.text.OnCertifTimer) referenced from lora_at.o(.text.AT_Certif)
 <LI><a href="#[b]">OnClassChange</a> from lora_app.o(.text.OnClassChange) referenced 2 times from lora_app.o(.data..L_MergedGlobals)
 <LI><a href="#[8]">OnJoinRequest</a> from lora_app.o(.text.OnJoinRequest) referenced 2 times from lora_app.o(.data..L_MergedGlobals)
 <LI><a href="#[89]">OnJoinTimerLedEvent</a> from lora_app.o(.text.OnJoinTimerLedEvent) referenced from lora_app.o(.text.LoRaWAN_Init)
 <LI><a href="#[6]">OnMacProcessNotify</a> from lora_app.o(.text.OnMacProcessNotify) referenced 2 times from lora_app.o(.data..L_MergedGlobals)
 <LI><a href="#[7]">OnNvmDataChange</a> from lora_app.o(.text.OnNvmDataChange) referenced 2 times from lora_app.o(.data..L_MergedGlobals)
 <LI><a href="#[10]">OnPingSlotPeriodicityChanged</a> from lora_app.o(.text.OnPingSlotPeriodicityChanged) referenced 2 times from lora_app.o(.data..L_MergedGlobals)
 <LI><a href="#[79]">OnProcessTimer</a> from lmhpcompliance.o(.text.OnProcessTimer) referenced from lmhpcompliance.o(.text.LmhpComplianceInit)
 <LI><a href="#[82]">OnRadioRxDone</a> from loramac.o(.text.OnRadioRxDone) referenced from loramac.o(.text.LoRaMacInitialization)
 <LI><a href="#[81]">OnRadioRxError</a> from loramac.o(.text.OnRadioRxError) referenced from loramac.o(.text.LoRaMacInitialization)
 <LI><a href="#[84]">OnRadioRxTimeout</a> from loramac.o(.text.OnRadioRxTimeout) referenced from loramac.o(.text.LoRaMacInitialization)
 <LI><a href="#[83]">OnRadioTxDone</a> from loramac.o(.text.OnRadioTxDone) referenced from loramac.o(.text.LoRaMacInitialization)
 <LI><a href="#[85]">OnRadioTxTimeout</a> from loramac.o(.text.OnRadioTxTimeout) referenced from loramac.o(.text.LoRaMacInitialization)
 <LI><a href="#[4]">OnRestoreContextRequest</a> from lora_app.o(.text.OnRestoreContextRequest) referenced 2 times from lora_app.o(.data..L_MergedGlobals)
 <LI><a href="#[80]">OnRetransmitTimeoutTimerEvent</a> from loramac.o(.text.OnRetransmitTimeoutTimerEvent) referenced from loramac.o(.text.LoRaMacInitialization)
 <LI><a href="#[a]">OnRxData</a> from lora_app.o(.text.OnRxData) referenced 2 times from lora_app.o(.data..L_MergedGlobals)
 <LI><a href="#[95]">OnRxDone</a> from test_rf.o(.text.OnRxDone) referenced from test_rf.o(.text.TST_RX_Start)
 <LI><a href="#[95]">OnRxDone</a> from test_rf.o(.text.OnRxDone) referenced from test_rf.o(.text.TST_TX_Start)
 <LI><a href="#[96]">OnRxError</a> from test_rf.o(.text.OnRxError) referenced from test_rf.o(.text.TST_RX_Start)
 <LI><a href="#[96]">OnRxError</a> from test_rf.o(.text.OnRxError) referenced from test_rf.o(.text.TST_TX_Start)
 <LI><a href="#[97]">OnRxTimeout</a> from test_rf.o(.text.OnRxTimeout) referenced from test_rf.o(.text.TST_RX_Start)
 <LI><a href="#[97]">OnRxTimeout</a> from test_rf.o(.text.OnRxTimeout) referenced from test_rf.o(.text.TST_TX_Start)
 <LI><a href="#[88]">OnRxTimerLedEvent</a> from lora_app.o(.text.OnRxTimerLedEvent) referenced from lora_app.o(.text.LoRaWAN_Init)
 <LI><a href="#[7e]">OnRxWindow1TimerEvent</a> from loramac.o(.text.OnRxWindow1TimerEvent) referenced from loramac.o(.text.LoRaMacInitialization)
 <LI><a href="#[7f]">OnRxWindow2TimerEvent</a> from loramac.o(.text.OnRxWindow2TimerEvent) referenced from loramac.o(.text.LoRaMacInitialization)
 <LI><a href="#[5]">OnStoreContextRequest</a> from lora_app.o(.text.OnStoreContextRequest) referenced 2 times from lora_app.o(.data..L_MergedGlobals)
 <LI><a href="#[d]">OnSysTimeUpdate</a> from lora_app.o(.text.OnSysTimeUpdate) referenced 2 times from lora_app.o(.data..L_MergedGlobals)
 <LI><a href="#[11]">OnSystemReset</a> from lora_app.o(.text.OnSystemReset) referenced 2 times from lora_app.o(.data..L_MergedGlobals)
 <LI><a href="#[9]">OnTxData</a> from lora_app.o(.text.OnTxData) referenced 2 times from lora_app.o(.data..L_MergedGlobals)
 <LI><a href="#[7c]">OnTxDelayedTimerEvent</a> from loramac.o(.text.OnTxDelayedTimerEvent) referenced from loramac.o(.text.LoRaMacInitialization)
 <LI><a href="#[99]">OnTxDone</a> from test_rf.o(.text.OnTxDone) referenced from test_rf.o(.text.TST_RX_Start)
 <LI><a href="#[99]">OnTxDone</a> from test_rf.o(.text.OnTxDone) referenced from test_rf.o(.text.TST_TX_Start)
 <LI><a href="#[f]">OnTxFrameCtrlChanged</a> from lora_app.o(.text.OnTxFrameCtrlChanged) referenced 2 times from lora_app.o(.data..L_MergedGlobals)
 <LI><a href="#[e]">OnTxPeriodicityChanged</a> from lora_app.o(.text.OnTxPeriodicityChanged) referenced 2 times from lora_app.o(.data..L_MergedGlobals)
 <LI><a href="#[98]">OnTxTimeout</a> from test_rf.o(.text.OnTxTimeout) referenced from test_rf.o(.text.TST_RX_Start)
 <LI><a href="#[98]">OnTxTimeout</a> from test_rf.o(.text.OnTxTimeout) referenced from test_rf.o(.text.TST_TX_Start)
 <LI><a href="#[87]">OnTxTimerLedEvent</a> from lora_app.o(.text.OnTxTimerLedEvent) referenced from lora_app.o(.text.LoRaWAN_Init)
 <LI><a href="#[58]">PKA_IRQHandler</a> from startup_stm32wl55xx_cm4.o(.text) referenced from startup_stm32wl55xx_cm4.o(RESET)
 <LI><a href="#[24]">PVD_PVM_IRQHandler</a> from startup_stm32wl55xx_cm4.o(.text) referenced from startup_stm32wl55xx_cm4.o(RESET)
 <LI><a href="#[105]">PWR_EnterOffMode</a> from stm32_lpm_if.o(.text.PWR_EnterOffMode) referenced from stm32_lpm_if.o(.rodata.UTIL_PowerDriver)
 <LI><a href="#[101]">PWR_EnterSleepMode</a> from stm32_lpm_if.o(.text.PWR_EnterSleepMode) referenced from stm32_lpm_if.o(.rodata.UTIL_PowerDriver)
 <LI><a href="#[103]">PWR_EnterStopMode</a> from stm32_lpm_if.o(.text.PWR_EnterStopMode) referenced from stm32_lpm_if.o(.rodata.UTIL_PowerDriver)
 <LI><a href="#[106]">PWR_ExitOffMode</a> from stm32_lpm_if.o(.text.PWR_ExitOffMode) referenced from stm32_lpm_if.o(.rodata.UTIL_PowerDriver)
 <LI><a href="#[102]">PWR_ExitSleepMode</a> from stm32_lpm_if.o(.text.PWR_ExitSleepMode) referenced from stm32_lpm_if.o(.rodata.UTIL_PowerDriver)
 <LI><a href="#[104]">PWR_ExitStopMode</a> from stm32_lpm_if.o(.text.PWR_ExitStopMode) referenced from stm32_lpm_if.o(.rodata.UTIL_PowerDriver)
 <LI><a href="#[21]">PendSV_Handler</a> from stm32wlxx_it.o(.text.PendSV_Handler) referenced from startup_stm32wl55xx_cm4.o(RESET)
 <LI><a href="#[93]">PrintKey</a> from soft-se.o(.text.PrintKey) referenced from soft-se.o(.text.SecureElementPrintSessionKeys)
 <LI><a href="#[28]">RCC_IRQHandler</a> from startup_stm32wl55xx_cm4.o(.text) referenced from startup_stm32wl55xx_cm4.o(RESET)
 <LI><a href="#[fe]">RFW_ReceiveLongPacket</a> from radio_fw.o(.text.RFW_ReceiveLongPacket) referenced from radio.o(.rodata.Radio)
 <LI><a href="#[fd]">RFW_TransmitLongPacket</a> from radio_fw.o(.text.RFW_TransmitLongPacket) referenced from radio.o(.rodata.Radio)
 <LI><a href="#[57]">RNG_IRQHandler</a> from startup_stm32wl55xx_cm4.o(.text) referenced from startup_stm32wl55xx_cm4.o(RESET)
 <LI><a href="#[4d]">RTC_Alarm_IRQHandler</a> from stm32wlxx_it.o(.text.RTC_Alarm_IRQHandler) referenced from startup_stm32wl55xx_cm4.o(RESET)
 <LI><a href="#[68]">RTC_ByteToBcd2</a> from stm32wlxx_hal_rtc.o(.text.RTC_ByteToBcd2) referenced from stm32wlxx_hal_rtc.o(.text.HAL_RTC_SetAlarm_IT)
 <LI><a href="#[26]">RTC_WKUP_IRQHandler</a> from startup_stm32wl55xx_cm4.o(.text) referenced from startup_stm32wl55xx_cm4.o(RESET)
 <LI><a href="#[e6]">RadioCheckRfFrequency</a> from radio.o(.text.RadioCheckRfFrequency) referenced from radio.o(.rodata.Radio)
 <LI><a href="#[df]">RadioGetStatus</a> from radio.o(.text.RadioGetStatus) referenced from radio.o(.rodata.Radio)
 <LI><a href="#[f5]">RadioGetWakeupTime</a> from radio.o(.text.RadioGetWakeupTime) referenced from radio.o(.rodata.Radio)
 <LI><a href="#[de]">RadioInit</a> from radio.o(.text.RadioInit) referenced from radio.o(.rodata.Radio)
 <LI><a href="#[f6]">RadioIrqProcess</a> from radio.o(.text.RadioIrqProcess) referenced from radio.o(.rodata.Radio)
 <LI><a href="#[e2]">RadioIsChannelFree</a> from radio.o(.text.RadioIsChannelFree) referenced from radio.o(.rodata.Radio)
 <LI><a href="#[100]">RadioLrFhssGetTimeOnAirInMs</a> from radio.o(.text.RadioLrFhssGetTimeOnAirInMs) referenced from radio.o(.rodata.Radio)
 <LI><a href="#[ff]">RadioLrFhssSetCfg</a> from radio.o(.text.RadioLrFhssSetCfg) referenced from radio.o(.rodata.Radio)
 <LI><a href="#[8e]">RadioOnDioIrq</a> from radio.o(.text.RadioOnDioIrq) referenced from radio.o(.text.RadioInit)
 <LI><a href="#[90]">RadioOnRxTimeoutIrq</a> from radio.o(.text.RadioOnRxTimeoutIrq) referenced from radio.o(.text.RadioInit)
 <LI><a href="#[8f]">RadioOnTxTimeoutIrq</a> from radio.o(.text.RadioOnTxTimeoutIrq) referenced from radio.o(.text.RadioInit)
 <LI><a href="#[e3]">RadioRandom</a> from radio.o(.text.RadioRandom) referenced from radio.o(.rodata.Radio)
 <LI><a href="#[f0]">RadioRead</a> from radio.o(.text.RadioRead) referenced from radio.o(.rodata.Radio)
 <LI><a href="#[f2]">RadioReadRegisters</a> from radio.o(.text.RadioReadRegisters) referenced from radio.o(.rodata.Radio)
 <LI><a href="#[ee]">RadioRssi</a> from radio.o(.text.RadioRssi) referenced from radio.o(.rodata.Radio)
 <LI><a href="#[eb]">RadioRx</a> from radio.o(.text.RadioRx) referenced from radio.o(.rodata.Radio)
 <LI><a href="#[f7]">RadioRxBoosted</a> from radio.o(.text.RadioRxBoosted) referenced from radio.o(.rodata.Radio)
 <LI><a href="#[e8]">RadioSend</a> from radio.o(.text.RadioSend) referenced from radio.o(.rodata.Radio)
 <LI><a href="#[e1]">RadioSetChannel</a> from radio.o(.text.RadioSetChannel) referenced from radio.o(.rodata.Radio)
 <LI><a href="#[f3]">RadioSetMaxPayloadLength</a> from radio.o(.text.RadioSetMaxPayloadLength) referenced from radio.o(.rodata.Radio)
 <LI><a href="#[e0]">RadioSetModem</a> from radio.o(.text.RadioSetModem) referenced from radio.o(.rodata.Radio)
 <LI><a href="#[f4]">RadioSetPublicNetwork</a> from radio.o(.text.RadioSetPublicNetwork) referenced from radio.o(.rodata.Radio)
 <LI><a href="#[e4]">RadioSetRxConfig</a> from radio.o(.text.RadioSetRxConfig) referenced from radio.o(.rodata.Radio)
 <LI><a href="#[f8]">RadioSetRxDutyCycle</a> from radio.o(.text.RadioSetRxDutyCycle) referenced from radio.o(.rodata.Radio)
 <LI><a href="#[fb]">RadioSetRxGenericConfig</a> from radio.o(.text.RadioSetRxGenericConfig) referenced from radio.o(.rodata.Radio)
 <LI><a href="#[e5]">RadioSetTxConfig</a> from radio.o(.text.RadioSetTxConfig) referenced from radio.o(.rodata.Radio)
 <LI><a href="#[ed]">RadioSetTxContinuousWave</a> from radio.o(.text.RadioSetTxContinuousWave) referenced from radio.o(.rodata.Radio)
 <LI><a href="#[fc]">RadioSetTxGenericConfig</a> from radio.o(.text.RadioSetTxGenericConfig) referenced from radio.o(.rodata.Radio)
 <LI><a href="#[e9]">RadioSleep</a> from radio.o(.text.RadioSleep) referenced from radio.o(.rodata.Radio)
 <LI><a href="#[ea]">RadioStandby</a> from radio.o(.text.RadioStandby) referenced from radio.o(.rodata.Radio)
 <LI><a href="#[ec]">RadioStartCad</a> from radio.o(.text.RadioStartCad) referenced from radio.o(.rodata.Radio)
 <LI><a href="#[e7]">RadioTimeOnAir</a> from radio.o(.text.RadioTimeOnAir) referenced from radio.o(.rodata.Radio)
 <LI><a href="#[fa]">RadioTxCw</a> from radio.o(.text.RadioTxCw) referenced from radio.o(.rodata.Radio)
 <LI><a href="#[f9]">RadioTxPrbs</a> from radio.o(.text.RadioTxPrbs) referenced from radio.o(.rodata.Radio)
 <LI><a href="#[ef]">RadioWrite</a> from radio.o(.text.RadioWrite) referenced from radio.o(.rodata.Radio)
 <LI><a href="#[f1]">RadioWriteRegisters</a> from radio.o(.text.RadioWriteRegisters) referenced from radio.o(.rodata.Radio)
 <LI><a href="#[7b]">RegionGetPhyParam</a> from region.o(.text.RegionGetPhyParam) referenced from loramac.o(.text.LoRaMacInitialization)
 <LI><a href="#[19]">Reset_Handler</a> from startup_stm32wl55xx_cm4.o(.text) referenced from startup_stm32wl55xx_cm4.o(RESET)
 <LI><a href="#[45]">SPI1_IRQHandler</a> from startup_stm32wl55xx_cm4.o(.text) referenced from startup_stm32wl55xx_cm4.o(RESET)
 <LI><a href="#[46]">SPI2_IRQHandler</a> from startup_stm32wl55xx_cm4.o(.text) referenced from startup_stm32wl55xx_cm4.o(RESET)
 <LI><a href="#[4f]">SUBGHZSPI_IRQHandler</a> from startup_stm32wl55xx_cm4.o(.text) referenced from startup_stm32wl55xx_cm4.o(RESET)
 <LI><a href="#[69]">SUBGHZSPI_Transmit</a> from stm32wlxx_hal_subghz.o(.text.SUBGHZSPI_Transmit) referenced from stm32wlxx_hal_subghz.o(.text.HAL_SUBGHZ_WriteRegisters)
 <LI><a href="#[55]">SUBGHZ_Radio_IRQHandler</a> from stm32wlxx_it.o(.text.SUBGHZ_Radio_IRQHandler) referenced from startup_stm32wl55xx_cm4.o(RESET)
 <LI><a href="#[92]">SUBGRF_ReadRegister</a> from radio_driver.o(.text.SUBGRF_ReadRegister) referenced from radio_driver.o(.text.SUBGRF_GetCFO)
 <LI><a href="#[91]">SUBGRF_WriteRegister</a> from radio_driver.o(.text.SUBGRF_WriteRegister) referenced from radio.o(.text.RadioIrqProcess)
 <LI><a href="#[91]">SUBGRF_WriteRegister</a> from radio_driver.o(.text.SUBGRF_WriteRegister) referenced from radio_driver.o(.text.SUBGRF_GetRandom)
 <LI><a href="#[1f]">SVC_Handler</a> from stm32wlxx_it.o(.text.SVC_Handler) referenced from startup_stm32wl55xx_cm4.o(RESET)
 <LI><a href="#[22]">SysTick_Handler</a> from stm32wlxx_it.o(.text.SysTick_Handler) referenced from startup_stm32wl55xx_cm4.o(RESET)
 <LI><a href="#[62]">SystemInit</a> from system_stm32wlxx.o(.text.SystemInit) referenced from startup_stm32wl55xx_cm4.o(.text)
 <LI><a href="#[25]">TAMP_STAMP_LSECSS_SSRU_IRQHandler</a> from stm32wlxx_it.o(.text.TAMP_STAMP_LSECSS_SSRU_IRQHandler) referenced from startup_stm32wl55xx_cm4.o(RESET)
 <LI><a href="#[3f]">TIM16_IRQHandler</a> from startup_stm32wl55xx_cm4.o(.text) referenced from startup_stm32wl55xx_cm4.o(RESET)
 <LI><a href="#[40]">TIM17_IRQHandler</a> from startup_stm32wl55xx_cm4.o(.text) referenced from startup_stm32wl55xx_cm4.o(RESET)
 <LI><a href="#[3a]">TIM1_BRK_IRQHandler</a> from startup_stm32wl55xx_cm4.o(.text) referenced from startup_stm32wl55xx_cm4.o(RESET)
 <LI><a href="#[3d]">TIM1_CC_IRQHandler</a> from startup_stm32wl55xx_cm4.o(.text) referenced from startup_stm32wl55xx_cm4.o(RESET)
 <LI><a href="#[3c]">TIM1_TRG_COM_IRQHandler</a> from startup_stm32wl55xx_cm4.o(.text) referenced from startup_stm32wl55xx_cm4.o(RESET)
 <LI><a href="#[3b]">TIM1_UP_IRQHandler</a> from startup_stm32wl55xx_cm4.o(.text) referenced from startup_stm32wl55xx_cm4.o(RESET)
 <LI><a href="#[3e]">TIM2_IRQHandler</a> from startup_stm32wl55xx_cm4.o(.text) referenced from startup_stm32wl55xx_cm4.o(RESET)
 <LI><a href="#[108]">TIMER_IF_BkUp_Read_Seconds</a> from timer_if.o(.text.TIMER_IF_BkUp_Read_Seconds) referenced from timer_if.o(.rodata.UTIL_SYSTIMDriver)
 <LI><a href="#[10a]">TIMER_IF_BkUp_Read_SubSeconds</a> from timer_if.o(.text.TIMER_IF_BkUp_Read_SubSeconds) referenced from timer_if.o(.rodata.UTIL_SYSTIMDriver)
 <LI><a href="#[107]">TIMER_IF_BkUp_Write_Seconds</a> from timer_if.o(.text.TIMER_IF_BkUp_Write_Seconds) referenced from timer_if.o(.rodata.UTIL_SYSTIMDriver)
 <LI><a href="#[109]">TIMER_IF_BkUp_Write_SubSeconds</a> from timer_if.o(.text.TIMER_IF_BkUp_Write_SubSeconds) referenced from timer_if.o(.rodata.UTIL_SYSTIMDriver)
 <LI><a href="#[115]">TIMER_IF_Convert_Tick2ms</a> from timer_if.o(.text.TIMER_IF_Convert_Tick2ms) referenced from timer_if.o(.rodata.UTIL_TimerDriver)
 <LI><a href="#[114]">TIMER_IF_Convert_ms2Tick</a> from timer_if.o(.text.TIMER_IF_Convert_ms2Tick) referenced from timer_if.o(.rodata.UTIL_TimerDriver)
 <LI><a href="#[113]">TIMER_IF_GetMinimumTimeout</a> from timer_if.o(.text.TIMER_IF_GetMinimumTimeout) referenced from timer_if.o(.rodata.UTIL_TimerDriver)
 <LI><a href="#[10b]">TIMER_IF_GetTime</a> from timer_if.o(.text.TIMER_IF_GetTime) referenced from timer_if.o(.rodata.UTIL_SYSTIMDriver)
 <LI><a href="#[110]">TIMER_IF_GetTimerContext</a> from timer_if.o(.text.TIMER_IF_GetTimerContext) referenced from timer_if.o(.rodata.UTIL_TimerDriver)
 <LI><a href="#[111]">TIMER_IF_GetTimerElapsedTime</a> from timer_if.o(.text.TIMER_IF_GetTimerElapsedTime) referenced from timer_if.o(.rodata.UTIL_TimerDriver)
 <LI><a href="#[112]">TIMER_IF_GetTimerValue</a> from timer_if.o(.text.TIMER_IF_GetTimerValue) referenced from timer_if.o(.rodata.UTIL_TimerDriver)
 <LI><a href="#[10c]">TIMER_IF_Init</a> from timer_if.o(.text.TIMER_IF_Init) referenced from timer_if.o(.rodata.UTIL_TimerDriver)
 <LI><a href="#[10f]">TIMER_IF_SetTimerContext</a> from timer_if.o(.text.TIMER_IF_SetTimerContext) referenced from timer_if.o(.rodata.UTIL_TimerDriver)
 <LI><a href="#[10d]">TIMER_IF_StartTimer</a> from timer_if.o(.text.TIMER_IF_StartTimer) referenced from timer_if.o(.rodata.UTIL_TimerDriver)
 <LI><a href="#[10e]">TIMER_IF_StopTimer</a> from timer_if.o(.text.TIMER_IF_StopTimer) referenced from timer_if.o(.rodata.UTIL_TimerDriver)
 <LI><a href="#[9e]">TRACE_TxCpltCallback</a> from stm32_adv_trace.o(.text.TRACE_TxCpltCallback) referenced from stm32_adv_trace.o(.text.UTIL_ADV_TRACE_Init)
 <LI><a href="#[94]">TimestampNow</a> from sys_app.o(.text.TimestampNow) referenced from sys_app.o(.text.SystemApp_Init)
 <LI><a href="#[6a]">UART_DMAAbortOnError</a> from stm32wlxx_hal_uart.o(.text.UART_DMAAbortOnError) referenced from stm32wlxx_hal_uart.o(.text.HAL_UART_IRQHandler)
 <LI><a href="#[6b]">UART_DMAError</a> from stm32wlxx_hal_uart.o(.text.UART_DMAError) referenced from stm32wlxx_hal_uart.o(.text.HAL_UART_Transmit_DMA)
 <LI><a href="#[6d]">UART_DMATransmitCplt</a> from stm32wlxx_hal_uart.o(.text.UART_DMATransmitCplt) referenced from stm32wlxx_hal_uart.o(.text.HAL_UART_Transmit_DMA)
 <LI><a href="#[6c]">UART_DMATxHalfCplt</a> from stm32wlxx_hal_uart.o(.text.UART_DMATxHalfCplt) referenced from stm32wlxx_hal_uart.o(.text.HAL_UART_Transmit_DMA)
 <LI><a href="#[9a]">UART_RxISR_16BIT</a> from stm32wlxx_hal_uart.o(.text.UART_RxISR_16BIT) referenced from stm32wlxx_hal_uart.o(.text.UART_RxISR_16BIT_FIFOEN)
 <LI><a href="#[9a]">UART_RxISR_16BIT</a> from stm32wlxx_hal_uart.o(.text.UART_RxISR_16BIT) referenced from stm32wlxx_hal_uart.o(.text.UART_Start_Receive_IT)
 <LI><a href="#[9c]">UART_RxISR_16BIT_FIFOEN</a> from stm32wlxx_hal_uart.o(.text.UART_RxISR_16BIT_FIFOEN) referenced from stm32wlxx_hal_uart.o(.text.UART_Start_Receive_IT)
 <LI><a href="#[9d]">UART_RxISR_8BIT</a> from stm32wlxx_hal_uart.o(.text.UART_RxISR_8BIT) referenced from stm32wlxx_hal_uart.o(.text.UART_Start_Receive_IT)
 <LI><a href="#[9b]">UART_RxISR_8BIT_FIFOEN</a> from stm32wlxx_hal_uart.o(.text.UART_RxISR_8BIT_FIFOEN) referenced from stm32wlxx_hal_uart.o(.text.UART_Start_Receive_IT)
 <LI><a href="#[47]">USART1_IRQHandler</a> from startup_stm32wl55xx_cm4.o(.text) referenced from startup_stm32wl55xx_cm4.o(RESET)
 <LI><a href="#[48]">USART2_IRQHandler</a> from startup_stm32wl55xx_cm4.o(.text) referenced from startup_stm32wl55xx_cm4.o(RESET)
 <LI><a href="#[66]">UTIL_ADV_TRACE_COND_FSend</a> from stm32_adv_trace.o(.text.UTIL_ADV_TRACE_COND_FSend) referenced from lora_at.o(.text.AT_test_get_config)
 <LI><a href="#[66]">UTIL_ADV_TRACE_COND_FSend</a> from stm32_adv_trace.o(.text.UTIL_ADV_TRACE_COND_FSend) referenced from lora_at.o(.text.AT_version_get)
 <LI><a href="#[66]">UTIL_ADV_TRACE_COND_FSend</a> from stm32_adv_trace.o(.text.UTIL_ADV_TRACE_COND_FSend) referenced from lora_app.o(.text.LoRaWAN_Init)
 <LI><a href="#[66]">UTIL_ADV_TRACE_COND_FSend</a> from stm32_adv_trace.o(.text.UTIL_ADV_TRACE_COND_FSend) referenced from soft-se.o(.text.PrintIds)
 <LI><a href="#[7d]">UTIL_TIMER_Create</a> from stm32_timer.o(.text.UTIL_TIMER_Create) referenced from loramac.o(.text.LoRaMacInitialization)
 <LI><a href="#[7d]">UTIL_TIMER_Create</a> from stm32_timer.o(.text.UTIL_TIMER_Create) referenced from lora_app.o(.text.LoRaWAN_Init)
 <LI><a href="#[7a]">UTIL_TIMER_Stop</a> from stm32_timer.o(.text.UTIL_TIMER_Stop) referenced from loramac.o(.text.LoRaMacHalt)
 <LI><a href="#[1e]">UsageFault_Handler</a> from stm32wlxx_it.o(.text.UsageFault_Handler) referenced from startup_stm32wl55xx_cm4.o(RESET)
 <LI><a href="#[23]">WWDG_IRQHandler</a> from startup_stm32wl55xx_cm4.o(.text) referenced from startup_stm32wl55xx_cm4.o(RESET)
 <LI><a href="#[63]">__main</a> from entry.o(.ARM.Collect$$$$00000000) referenced from startup_stm32wl55xx_cm4.o(.text)
 <LI><a href="#[61]">main</a> from main.o(.text.main) referenced from entry9a.o(.ARM.Collect$$$$0000000B)
 <LI><a href="#[117]">vcom_DeInit</a> from usart_if.o(.text.vcom_DeInit) referenced from usart_if.o(.rodata.UTIL_TraceDriver)
 <LI><a href="#[116]">vcom_Init</a> from usart_if.o(.text.vcom_Init) referenced from usart_if.o(.rodata.UTIL_TraceDriver)
 <LI><a href="#[118]">vcom_ReceiveInit</a> from usart_if.o(.text.vcom_ReceiveInit) referenced from usart_if.o(.rodata.UTIL_TraceDriver)
 <LI><a href="#[119]">vcom_Trace_DMA</a> from usart_if.o(.text.vcom_Trace_DMA) referenced from usart_if.o(.rodata.UTIL_TraceDriver)
</UL>
<P>
<H3>
Global Symbols
</H3>
<P><STRONG><a name="[63]"></a>__main</STRONG> (Thumb, 0 bytes, Stack size unknown bytes, entry.o(.ARM.Collect$$$$00000000))
<BR>[Address Reference Count : 1]<UL><LI> startup_stm32wl55xx_cm4.o(.text)
</UL>
<P><STRONG><a name="[369]"></a>_main_stk</STRONG> (Thumb, 0 bytes, Stack size unknown bytes, entry2.o(.ARM.Collect$$$$00000001))

<P><STRONG><a name="[11a]"></a>_main_scatterload</STRONG> (Thumb, 0 bytes, Stack size unknown bytes, entry5.o(.ARM.Collect$$$$00000004))
<BR><BR>[Calls]<UL><LI><a href="#[11b]">&gt;&gt;</a>&nbsp;&nbsp;&nbsp;__scatterload
</UL>

<P><STRONG><a name="[128]"></a>__main_after_scatterload</STRONG> (Thumb, 0 bytes, Stack size unknown bytes, entry5.o(.ARM.Collect$$$$00000004))
<BR><BR>[Called By]<UL><LI><a href="#[11b]">&gt;&gt;</a>&nbsp;&nbsp;&nbsp;__scatterload
</UL>

<P><STRONG><a name="[36a]"></a>_main_clock</STRONG> (Thumb, 0 bytes, Stack size unknown bytes, entry7b.o(.ARM.Collect$$$$00000008))

<P><STRONG><a name="[36b]"></a>_main_cpp_init</STRONG> (Thumb, 0 bytes, Stack size unknown bytes, entry8b.o(.ARM.Collect$$$$0000000A))

<P><STRONG><a name="[36c]"></a>_main_init</STRONG> (Thumb, 0 bytes, Stack size unknown bytes, entry9a.o(.ARM.Collect$$$$0000000B))

<P><STRONG><a name="[36d]"></a>__rt_final_cpp</STRONG> (Thumb, 0 bytes, Stack size unknown bytes, entry10a.o(.ARM.Collect$$$$0000000D))

<P><STRONG><a name="[36e]"></a>__rt_final_exit</STRONG> (Thumb, 0 bytes, Stack size unknown bytes, entry11a.o(.ARM.Collect$$$$0000000F))

<P><STRONG><a name="[19]"></a>Reset_Handler</STRONG> (Thumb, 8 bytes, Stack size 0 bytes, startup_stm32wl55xx_cm4.o(.text))
<BR>[Address Reference Count : 1]<UL><LI> startup_stm32wl55xx_cm4.o(RESET)
</UL>
<P><STRONG><a name="[35]"></a>ADC_IRQHandler</STRONG> (Thumb, 0 bytes, Stack size 0 bytes, startup_stm32wl55xx_cm4.o(.text))
<BR><BR>[Calls]<UL><LI><a href="#[35]">&gt;&gt;</a>&nbsp;&nbsp;&nbsp;ADC_IRQHandler
</UL>
<BR>[Called By]<UL><LI><a href="#[35]">&gt;&gt;</a>&nbsp;&nbsp;&nbsp;ADC_IRQHandler
</UL>
<BR>[Address Reference Count : 1]<UL><LI> startup_stm32wl55xx_cm4.o(RESET)
</UL>
<P><STRONG><a name="[56]"></a>AES_IRQHandler</STRONG> (Thumb, 0 bytes, Stack size 0 bytes, startup_stm32wl55xx_cm4.o(.text))
<BR>[Address Reference Count : 1]<UL><LI> startup_stm32wl55xx_cm4.o(RESET)
</UL>
<P><STRONG><a name="[37]"></a>C2SEV_PWR_C2H_IRQHandler</STRONG> (Thumb, 0 bytes, Stack size 0 bytes, startup_stm32wl55xx_cm4.o(.text))
<BR>[Address Reference Count : 1]<UL><LI> startup_stm32wl55xx_cm4.o(RESET)
</UL>
<P><STRONG><a name="[38]"></a>COMP_IRQHandler</STRONG> (Thumb, 0 bytes, Stack size 0 bytes, startup_stm32wl55xx_cm4.o(.text))
<BR>[Address Reference Count : 1]<UL><LI> startup_stm32wl55xx_cm4.o(RESET)
</UL>
<P><STRONG><a name="[36]"></a>DAC_IRQHandler</STRONG> (Thumb, 0 bytes, Stack size 0 bytes, startup_stm32wl55xx_cm4.o(.text))
<BR>[Address Reference Count : 1]<UL><LI> startup_stm32wl55xx_cm4.o(RESET)
</UL>
<P><STRONG><a name="[2e]"></a>DMA1_Channel1_IRQHandler</STRONG> (Thumb, 0 bytes, Stack size 0 bytes, startup_stm32wl55xx_cm4.o(.text))
<BR>[Address Reference Count : 1]<UL><LI> startup_stm32wl55xx_cm4.o(RESET)
</UL>
<P><STRONG><a name="[2f]"></a>DMA1_Channel2_IRQHandler</STRONG> (Thumb, 0 bytes, Stack size 0 bytes, startup_stm32wl55xx_cm4.o(.text))
<BR>[Address Reference Count : 1]<UL><LI> startup_stm32wl55xx_cm4.o(RESET)
</UL>
<P><STRONG><a name="[30]"></a>DMA1_Channel3_IRQHandler</STRONG> (Thumb, 0 bytes, Stack size 0 bytes, startup_stm32wl55xx_cm4.o(.text))
<BR>[Address Reference Count : 1]<UL><LI> startup_stm32wl55xx_cm4.o(RESET)
</UL>
<P><STRONG><a name="[31]"></a>DMA1_Channel4_IRQHandler</STRONG> (Thumb, 0 bytes, Stack size 0 bytes, startup_stm32wl55xx_cm4.o(.text))
<BR>[Address Reference Count : 1]<UL><LI> startup_stm32wl55xx_cm4.o(RESET)
</UL>
<P><STRONG><a name="[33]"></a>DMA1_Channel6_IRQHandler</STRONG> (Thumb, 0 bytes, Stack size 0 bytes, startup_stm32wl55xx_cm4.o(.text))
<BR>[Address Reference Count : 1]<UL><LI> startup_stm32wl55xx_cm4.o(RESET)
</UL>
<P><STRONG><a name="[34]"></a>DMA1_Channel7_IRQHandler</STRONG> (Thumb, 0 bytes, Stack size 0 bytes, startup_stm32wl55xx_cm4.o(.text))
<BR>[Address Reference Count : 1]<UL><LI> startup_stm32wl55xx_cm4.o(RESET)
</UL>
<P><STRONG><a name="[59]"></a>DMA2_Channel1_IRQHandler</STRONG> (Thumb, 0 bytes, Stack size 0 bytes, startup_stm32wl55xx_cm4.o(.text))
<BR>[Address Reference Count : 1]<UL><LI> startup_stm32wl55xx_cm4.o(RESET)
</UL>
<P><STRONG><a name="[5a]"></a>DMA2_Channel2_IRQHandler</STRONG> (Thumb, 0 bytes, Stack size 0 bytes, startup_stm32wl55xx_cm4.o(.text))
<BR>[Address Reference Count : 1]<UL><LI> startup_stm32wl55xx_cm4.o(RESET)
</UL>
<P><STRONG><a name="[5b]"></a>DMA2_Channel3_IRQHandler</STRONG> (Thumb, 0 bytes, Stack size 0 bytes, startup_stm32wl55xx_cm4.o(.text))
<BR>[Address Reference Count : 1]<UL><LI> startup_stm32wl55xx_cm4.o(RESET)
</UL>
<P><STRONG><a name="[5c]"></a>DMA2_Channel4_IRQHandler</STRONG> (Thumb, 0 bytes, Stack size 0 bytes, startup_stm32wl55xx_cm4.o(.text))
<BR>[Address Reference Count : 1]<UL><LI> startup_stm32wl55xx_cm4.o(RESET)
</UL>
<P><STRONG><a name="[5d]"></a>DMA2_Channel5_IRQHandler</STRONG> (Thumb, 0 bytes, Stack size 0 bytes, startup_stm32wl55xx_cm4.o(.text))
<BR>[Address Reference Count : 1]<UL><LI> startup_stm32wl55xx_cm4.o(RESET)
</UL>
<P><STRONG><a name="[5e]"></a>DMA2_Channel6_IRQHandler</STRONG> (Thumb, 0 bytes, Stack size 0 bytes, startup_stm32wl55xx_cm4.o(.text))
<BR>[Address Reference Count : 1]<UL><LI> startup_stm32wl55xx_cm4.o(RESET)
</UL>
<P><STRONG><a name="[5f]"></a>DMA2_Channel7_IRQHandler</STRONG> (Thumb, 0 bytes, Stack size 0 bytes, startup_stm32wl55xx_cm4.o(.text))
<BR>[Address Reference Count : 1]<UL><LI> startup_stm32wl55xx_cm4.o(RESET)
</UL>
<P><STRONG><a name="[60]"></a>DMAMUX1_OVR_IRQHandler</STRONG> (Thumb, 0 bytes, Stack size 0 bytes, startup_stm32wl55xx_cm4.o(.text))
<BR>[Address Reference Count : 1]<UL><LI> startup_stm32wl55xx_cm4.o(RESET)
</UL>
<P><STRONG><a name="[29]"></a>EXTI0_IRQHandler</STRONG> (Thumb, 0 bytes, Stack size 0 bytes, startup_stm32wl55xx_cm4.o(.text))
<BR>[Address Reference Count : 1]<UL><LI> startup_stm32wl55xx_cm4.o(RESET)
</UL>
<P><STRONG><a name="[4c]"></a>EXTI15_10_IRQHandler</STRONG> (Thumb, 0 bytes, Stack size 0 bytes, startup_stm32wl55xx_cm4.o(.text))
<BR>[Address Reference Count : 1]<UL><LI> startup_stm32wl55xx_cm4.o(RESET)
</UL>
<P><STRONG><a name="[2a]"></a>EXTI1_IRQHandler</STRONG> (Thumb, 0 bytes, Stack size 0 bytes, startup_stm32wl55xx_cm4.o(.text))
<BR>[Address Reference Count : 1]<UL><LI> startup_stm32wl55xx_cm4.o(RESET)
</UL>
<P><STRONG><a name="[2b]"></a>EXTI2_IRQHandler</STRONG> (Thumb, 0 bytes, Stack size 0 bytes, startup_stm32wl55xx_cm4.o(.text))
<BR>[Address Reference Count : 1]<UL><LI> startup_stm32wl55xx_cm4.o(RESET)
</UL>
<P><STRONG><a name="[2c]"></a>EXTI3_IRQHandler</STRONG> (Thumb, 0 bytes, Stack size 0 bytes, startup_stm32wl55xx_cm4.o(.text))
<BR>[Address Reference Count : 1]<UL><LI> startup_stm32wl55xx_cm4.o(RESET)
</UL>
<P><STRONG><a name="[2d]"></a>EXTI4_IRQHandler</STRONG> (Thumb, 0 bytes, Stack size 0 bytes, startup_stm32wl55xx_cm4.o(.text))
<BR>[Address Reference Count : 1]<UL><LI> startup_stm32wl55xx_cm4.o(RESET)
</UL>
<P><STRONG><a name="[39]"></a>EXTI9_5_IRQHandler</STRONG> (Thumb, 0 bytes, Stack size 0 bytes, startup_stm32wl55xx_cm4.o(.text))
<BR>[Address Reference Count : 1]<UL><LI> startup_stm32wl55xx_cm4.o(RESET)
</UL>
<P><STRONG><a name="[27]"></a>FLASH_IRQHandler</STRONG> (Thumb, 0 bytes, Stack size 0 bytes, startup_stm32wl55xx_cm4.o(.text))
<BR>[Address Reference Count : 1]<UL><LI> startup_stm32wl55xx_cm4.o(RESET)
</UL>
<P><STRONG><a name="[52]"></a>HSEM_IRQHandler</STRONG> (Thumb, 0 bytes, Stack size 0 bytes, startup_stm32wl55xx_cm4.o(.text))
<BR>[Address Reference Count : 1]<UL><LI> startup_stm32wl55xx_cm4.o(RESET)
</UL>
<P><STRONG><a name="[42]"></a>I2C1_ER_IRQHandler</STRONG> (Thumb, 0 bytes, Stack size 0 bytes, startup_stm32wl55xx_cm4.o(.text))
<BR>[Address Reference Count : 1]<UL><LI> startup_stm32wl55xx_cm4.o(RESET)
</UL>
<P><STRONG><a name="[41]"></a>I2C1_EV_IRQHandler</STRONG> (Thumb, 0 bytes, Stack size 0 bytes, startup_stm32wl55xx_cm4.o(.text))
<BR>[Address Reference Count : 1]<UL><LI> startup_stm32wl55xx_cm4.o(RESET)
</UL>
<P><STRONG><a name="[44]"></a>I2C2_ER_IRQHandler</STRONG> (Thumb, 0 bytes, Stack size 0 bytes, startup_stm32wl55xx_cm4.o(.text))
<BR>[Address Reference Count : 1]<UL><LI> startup_stm32wl55xx_cm4.o(RESET)
</UL>
<P><STRONG><a name="[43]"></a>I2C2_EV_IRQHandler</STRONG> (Thumb, 0 bytes, Stack size 0 bytes, startup_stm32wl55xx_cm4.o(.text))
<BR>[Address Reference Count : 1]<UL><LI> startup_stm32wl55xx_cm4.o(RESET)
</UL>
<P><STRONG><a name="[54]"></a>I2C3_ER_IRQHandler</STRONG> (Thumb, 0 bytes, Stack size 0 bytes, startup_stm32wl55xx_cm4.o(.text))
<BR>[Address Reference Count : 1]<UL><LI> startup_stm32wl55xx_cm4.o(RESET)
</UL>
<P><STRONG><a name="[53]"></a>I2C3_EV_IRQHandler</STRONG> (Thumb, 0 bytes, Stack size 0 bytes, startup_stm32wl55xx_cm4.o(.text))
<BR>[Address Reference Count : 1]<UL><LI> startup_stm32wl55xx_cm4.o(RESET)
</UL>
<P><STRONG><a name="[50]"></a>IPCC_C1_RX_IRQHandler</STRONG> (Thumb, 0 bytes, Stack size 0 bytes, startup_stm32wl55xx_cm4.o(.text))
<BR>[Address Reference Count : 1]<UL><LI> startup_stm32wl55xx_cm4.o(RESET)
</UL>
<P><STRONG><a name="[51]"></a>IPCC_C1_TX_IRQHandler</STRONG> (Thumb, 0 bytes, Stack size 0 bytes, startup_stm32wl55xx_cm4.o(.text))
<BR>[Address Reference Count : 1]<UL><LI> startup_stm32wl55xx_cm4.o(RESET)
</UL>
<P><STRONG><a name="[4a]"></a>LPTIM1_IRQHandler</STRONG> (Thumb, 0 bytes, Stack size 0 bytes, startup_stm32wl55xx_cm4.o(.text))
<BR>[Address Reference Count : 1]<UL><LI> startup_stm32wl55xx_cm4.o(RESET)
</UL>
<P><STRONG><a name="[4b]"></a>LPTIM2_IRQHandler</STRONG> (Thumb, 0 bytes, Stack size 0 bytes, startup_stm32wl55xx_cm4.o(.text))
<BR>[Address Reference Count : 1]<UL><LI> startup_stm32wl55xx_cm4.o(RESET)
</UL>
<P><STRONG><a name="[4e]"></a>LPTIM3_IRQHandler</STRONG> (Thumb, 0 bytes, Stack size 0 bytes, startup_stm32wl55xx_cm4.o(.text))
<BR>[Address Reference Count : 1]<UL><LI> startup_stm32wl55xx_cm4.o(RESET)
</UL>
<P><STRONG><a name="[58]"></a>PKA_IRQHandler</STRONG> (Thumb, 0 bytes, Stack size 0 bytes, startup_stm32wl55xx_cm4.o(.text))
<BR>[Address Reference Count : 1]<UL><LI> startup_stm32wl55xx_cm4.o(RESET)
</UL>
<P><STRONG><a name="[24]"></a>PVD_PVM_IRQHandler</STRONG> (Thumb, 0 bytes, Stack size 0 bytes, startup_stm32wl55xx_cm4.o(.text))
<BR>[Address Reference Count : 1]<UL><LI> startup_stm32wl55xx_cm4.o(RESET)
</UL>
<P><STRONG><a name="[28]"></a>RCC_IRQHandler</STRONG> (Thumb, 0 bytes, Stack size 0 bytes, startup_stm32wl55xx_cm4.o(.text))
<BR>[Address Reference Count : 1]<UL><LI> startup_stm32wl55xx_cm4.o(RESET)
</UL>
<P><STRONG><a name="[57]"></a>RNG_IRQHandler</STRONG> (Thumb, 0 bytes, Stack size 0 bytes, startup_stm32wl55xx_cm4.o(.text))
<BR>[Address Reference Count : 1]<UL><LI> startup_stm32wl55xx_cm4.o(RESET)
</UL>
<P><STRONG><a name="[26]"></a>RTC_WKUP_IRQHandler</STRONG> (Thumb, 0 bytes, Stack size 0 bytes, startup_stm32wl55xx_cm4.o(.text))
<BR>[Address Reference Count : 1]<UL><LI> startup_stm32wl55xx_cm4.o(RESET)
</UL>
<P><STRONG><a name="[45]"></a>SPI1_IRQHandler</STRONG> (Thumb, 0 bytes, Stack size 0 bytes, startup_stm32wl55xx_cm4.o(.text))
<BR>[Address Reference Count : 1]<UL><LI> startup_stm32wl55xx_cm4.o(RESET)
</UL>
<P><STRONG><a name="[46]"></a>SPI2_IRQHandler</STRONG> (Thumb, 0 bytes, Stack size 0 bytes, startup_stm32wl55xx_cm4.o(.text))
<BR>[Address Reference Count : 1]<UL><LI> startup_stm32wl55xx_cm4.o(RESET)
</UL>
<P><STRONG><a name="[4f]"></a>SUBGHZSPI_IRQHandler</STRONG> (Thumb, 0 bytes, Stack size 0 bytes, startup_stm32wl55xx_cm4.o(.text))
<BR>[Address Reference Count : 1]<UL><LI> startup_stm32wl55xx_cm4.o(RESET)
</UL>
<P><STRONG><a name="[3f]"></a>TIM16_IRQHandler</STRONG> (Thumb, 0 bytes, Stack size 0 bytes, startup_stm32wl55xx_cm4.o(.text))
<BR>[Address Reference Count : 1]<UL><LI> startup_stm32wl55xx_cm4.o(RESET)
</UL>
<P><STRONG><a name="[40]"></a>TIM17_IRQHandler</STRONG> (Thumb, 0 bytes, Stack size 0 bytes, startup_stm32wl55xx_cm4.o(.text))
<BR>[Address Reference Count : 1]<UL><LI> startup_stm32wl55xx_cm4.o(RESET)
</UL>
<P><STRONG><a name="[3a]"></a>TIM1_BRK_IRQHandler</STRONG> (Thumb, 0 bytes, Stack size 0 bytes, startup_stm32wl55xx_cm4.o(.text))
<BR>[Address Reference Count : 1]<UL><LI> startup_stm32wl55xx_cm4.o(RESET)
</UL>
<P><STRONG><a name="[3d]"></a>TIM1_CC_IRQHandler</STRONG> (Thumb, 0 bytes, Stack size 0 bytes, startup_stm32wl55xx_cm4.o(.text))
<BR>[Address Reference Count : 1]<UL><LI> startup_stm32wl55xx_cm4.o(RESET)
</UL>
<P><STRONG><a name="[3c]"></a>TIM1_TRG_COM_IRQHandler</STRONG> (Thumb, 0 bytes, Stack size 0 bytes, startup_stm32wl55xx_cm4.o(.text))
<BR>[Address Reference Count : 1]<UL><LI> startup_stm32wl55xx_cm4.o(RESET)
</UL>
<P><STRONG><a name="[3b]"></a>TIM1_UP_IRQHandler</STRONG> (Thumb, 0 bytes, Stack size 0 bytes, startup_stm32wl55xx_cm4.o(.text))
<BR>[Address Reference Count : 1]<UL><LI> startup_stm32wl55xx_cm4.o(RESET)
</UL>
<P><STRONG><a name="[3e]"></a>TIM2_IRQHandler</STRONG> (Thumb, 0 bytes, Stack size 0 bytes, startup_stm32wl55xx_cm4.o(.text))
<BR>[Address Reference Count : 1]<UL><LI> startup_stm32wl55xx_cm4.o(RESET)
</UL>
<P><STRONG><a name="[47]"></a>USART1_IRQHandler</STRONG> (Thumb, 0 bytes, Stack size 0 bytes, startup_stm32wl55xx_cm4.o(.text))
<BR>[Address Reference Count : 1]<UL><LI> startup_stm32wl55xx_cm4.o(RESET)
</UL>
<P><STRONG><a name="[48]"></a>USART2_IRQHandler</STRONG> (Thumb, 0 bytes, Stack size 0 bytes, startup_stm32wl55xx_cm4.o(.text))
<BR>[Address Reference Count : 1]<UL><LI> startup_stm32wl55xx_cm4.o(RESET)
</UL>
<P><STRONG><a name="[23]"></a>WWDG_IRQHandler</STRONG> (Thumb, 0 bytes, Stack size 0 bytes, startup_stm32wl55xx_cm4.o(.text))
<BR>[Address Reference Count : 1]<UL><LI> startup_stm32wl55xx_cm4.o(RESET)
</UL>
<P><STRONG><a name="[11c]"></a>__aeabi_uldivmod</STRONG> (Thumb, 98 bytes, Stack size 40 bytes, uldiv.o(.text))
<BR><BR>[Stack]<UL><LI>Max Depth = 40<LI>Call Chain = __aeabi_uldivmod
</UL>
<BR>[Calls]<UL><LI><a href="#[11d]">&gt;&gt;</a>&nbsp;&nbsp;&nbsp;__aeabi_llsr
<LI><a href="#[11e]">&gt;&gt;</a>&nbsp;&nbsp;&nbsp;__aeabi_llsl
</UL>
<BR>[Called By]<UL><LI><a href="#[114]">&gt;&gt;</a>&nbsp;&nbsp;&nbsp;TIMER_IF_Convert_ms2Tick
<LI><a href="#[1b9]">&gt;&gt;</a>&nbsp;&nbsp;&nbsp;TIMER_IF_DelayMs
<LI><a href="#[205]">&gt;&gt;</a>&nbsp;&nbsp;&nbsp;UART_SetConfig
<LI><a href="#[2cd]">&gt;&gt;</a>&nbsp;&nbsp;&nbsp;SUBGRF_SetRfFrequency
<LI><a href="#[2dd]">&gt;&gt;</a>&nbsp;&nbsp;&nbsp;SUBGRF_SetModulationParams
</UL>

<P><STRONG><a name="[120]"></a>__aeabi_memset</STRONG> (Thumb, 14 bytes, Stack size 0 bytes, memseta.o(.text), UNUSED)
<BR><BR>[Called By]<UL><LI><a href="#[121]">&gt;&gt;</a>&nbsp;&nbsp;&nbsp;_memset$wrapper
<LI><a href="#[11f]">&gt;&gt;</a>&nbsp;&nbsp;&nbsp;__aeabi_memclr
</UL>

<P><STRONG><a name="[24f]"></a>__aeabi_memset4</STRONG> (Thumb, 0 bytes, Stack size 0 bytes, memseta.o(.text))
<BR><BR>[Called By]<UL><LI><a href="#[24e]">&gt;&gt;</a>&nbsp;&nbsp;&nbsp;LoRaMacCryptoInit
</UL>

<P><STRONG><a name="[36f]"></a>__aeabi_memset8</STRONG> (Thumb, 0 bytes, Stack size 0 bytes, memseta.o(.text), UNUSED)

<P><STRONG><a name="[11f]"></a>__aeabi_memclr</STRONG> (Thumb, 4 bytes, Stack size 0 bytes, memseta.o(.text), UNUSED)
<BR><BR>[Calls]<UL><LI><a href="#[120]">&gt;&gt;</a>&nbsp;&nbsp;&nbsp;__aeabi_memset
</UL>

<P><STRONG><a name="[182]"></a>__aeabi_memclr4</STRONG> (Thumb, 0 bytes, Stack size 0 bytes, memseta.o(.text))
<BR><BR>[Called By]<UL><LI><a href="#[34a]">&gt;&gt;</a>&nbsp;&nbsp;&nbsp;SystemClock_Config
<LI><a href="#[10d]">&gt;&gt;</a>&nbsp;&nbsp;&nbsp;TIMER_IF_StartTimer
<LI><a href="#[295]">&gt;&gt;</a>&nbsp;&nbsp;&nbsp;MX_RTC_Init
<LI><a href="#[1d7]">&gt;&gt;</a>&nbsp;&nbsp;&nbsp;HAL_RTC_MspInit
<LI><a href="#[204]">&gt;&gt;</a>&nbsp;&nbsp;&nbsp;HAL_UART_MspInit
<LI><a href="#[180]">&gt;&gt;</a>&nbsp;&nbsp;&nbsp;TST_RX_Start
<LI><a href="#[d7]">&gt;&gt;</a>&nbsp;&nbsp;&nbsp;AT_test_set_config
<LI><a href="#[326]">&gt;&gt;</a>&nbsp;&nbsp;&nbsp;RegionUS915NextChannel
<LI><a href="#[315]">&gt;&gt;</a>&nbsp;&nbsp;&nbsp;RegionEU868InitDefaults
<LI><a href="#[24b]">&gt;&gt;</a>&nbsp;&nbsp;&nbsp;LoRaMacCryptoHandleJoinAccept
</UL>

<P><STRONG><a name="[370]"></a>__aeabi_memclr8</STRONG> (Thumb, 0 bytes, Stack size 0 bytes, memseta.o(.text), UNUSED)

<P><STRONG><a name="[121]"></a>_memset$wrapper</STRONG> (Thumb, 18 bytes, Stack size 8 bytes, memseta.o(.text), UNUSED)
<BR><BR>[Calls]<UL><LI><a href="#[120]">&gt;&gt;</a>&nbsp;&nbsp;&nbsp;__aeabi_memset
</UL>

<P><STRONG><a name="[16c]"></a>strlen</STRONG> (Thumb, 14 bytes, Stack size 0 bytes, strlen.o(.text))
<BR><BR>[Called By]<UL><LI><a href="#[35b]">&gt;&gt;</a>&nbsp;&nbsp;&nbsp;tiny_vsnprintf_like
<LI><a href="#[94]">&gt;&gt;</a>&nbsp;&nbsp;&nbsp;TimestampNow
<LI><a href="#[149]">&gt;&gt;</a>&nbsp;&nbsp;&nbsp;tiny_sscanf
<LI><a href="#[b9]">&gt;&gt;</a>&nbsp;&nbsp;&nbsp;AT_Send
</UL>

<P><STRONG><a name="[192]"></a>strncmp</STRONG> (Thumb, 30 bytes, Stack size 12 bytes, strncmp.o(.text))
<BR><BR>[Stack]<UL><LI>Max Depth = 12<LI>Call Chain = strncmp
</UL>
<BR>[Called By]<UL><LI><a href="#[8b]">&gt;&gt;</a>&nbsp;&nbsp;&nbsp;CMD_Process
</UL>

<P><STRONG><a name="[122]"></a>__aeabi_fadd</STRONG> (Thumb, 164 bytes, Stack size 16 bytes, fadd.o(.text))
<BR><BR>[Stack]<UL><LI>Max Depth = 20<LI>Call Chain = __aeabi_fadd &rArr; _float_epilogue
</UL>
<BR>[Calls]<UL><LI><a href="#[124]">&gt;&gt;</a>&nbsp;&nbsp;&nbsp;_float_round
<LI><a href="#[123]">&gt;&gt;</a>&nbsp;&nbsp;&nbsp;_float_epilogue
</UL>
<BR>[Called By]<UL><LI><a href="#[125]">&gt;&gt;</a>&nbsp;&nbsp;&nbsp;__aeabi_fsub
<LI><a href="#[126]">&gt;&gt;</a>&nbsp;&nbsp;&nbsp;__aeabi_frsub
<LI><a href="#[2f9]">&gt;&gt;</a>&nbsp;&nbsp;&nbsp;floorf
</UL>

<P><STRONG><a name="[125]"></a>__aeabi_fsub</STRONG> (Thumb, 6 bytes, Stack size 0 bytes, fadd.o(.text))
<BR><BR>[Stack]<UL><LI>Max Depth = 20<LI>Call Chain = __aeabi_fsub &rArr; __aeabi_fadd &rArr; _float_epilogue
</UL>
<BR>[Calls]<UL><LI><a href="#[122]">&gt;&gt;</a>&nbsp;&nbsp;&nbsp;__aeabi_fadd
</UL>
<BR>[Called By]<UL><LI><a href="#[2f8]">&gt;&gt;</a>&nbsp;&nbsp;&nbsp;RegionCommonComputeTxPower
</UL>

<P><STRONG><a name="[126]"></a>__aeabi_frsub</STRONG> (Thumb, 6 bytes, Stack size 0 bytes, fadd.o(.text), UNUSED)
<BR><BR>[Calls]<UL><LI><a href="#[122]">&gt;&gt;</a>&nbsp;&nbsp;&nbsp;__aeabi_fadd
</UL>

<P><STRONG><a name="[127]"></a>__aeabi_ui2f</STRONG> (Thumb, 10 bytes, Stack size 0 bytes, ffltui.o(.text))
<BR><BR>[Stack]<UL><LI>Max Depth = 4<LI>Call Chain = __aeabi_ui2f &rArr; _float_epilogue
</UL>
<BR>[Calls]<UL><LI><a href="#[123]">&gt;&gt;</a>&nbsp;&nbsp;&nbsp;_float_epilogue
</UL>
<BR>[Called By]<UL><LI><a href="#[2f8]">&gt;&gt;</a>&nbsp;&nbsp;&nbsp;RegionCommonComputeTxPower
<LI><a href="#[287]">&gt;&gt;</a>&nbsp;&nbsp;&nbsp;ProcessMacCommands
</UL>

<P><STRONG><a name="[2fa]"></a>__aeabi_f2iz</STRONG> (Thumb, 50 bytes, Stack size 0 bytes, ffixi.o(.text))
<BR><BR>[Called By]<UL><LI><a href="#[2f8]">&gt;&gt;</a>&nbsp;&nbsp;&nbsp;RegionCommonComputeTxPower
</UL>

<P><STRONG><a name="[11e]"></a>__aeabi_llsl</STRONG> (Thumb, 30 bytes, Stack size 0 bytes, llshl.o(.text))
<BR><BR>[Called By]<UL><LI><a href="#[11c]">&gt;&gt;</a>&nbsp;&nbsp;&nbsp;__aeabi_uldivmod
</UL>

<P><STRONG><a name="[371]"></a>_ll_shift_l</STRONG> (Thumb, 0 bytes, Stack size 0 bytes, llshl.o(.text), UNUSED)

<P><STRONG><a name="[11d]"></a>__aeabi_llsr</STRONG> (Thumb, 32 bytes, Stack size 0 bytes, llushr.o(.text))
<BR><BR>[Called By]<UL><LI><a href="#[11c]">&gt;&gt;</a>&nbsp;&nbsp;&nbsp;__aeabi_uldivmod
</UL>

<P><STRONG><a name="[372]"></a>_ll_ushift_r</STRONG> (Thumb, 0 bytes, Stack size 0 bytes, llushr.o(.text), UNUSED)

<P><STRONG><a name="[373]"></a>__I$use$fp</STRONG> (Thumb, 0 bytes, Stack size 0 bytes, iusefp.o(.text), UNUSED)

<P><STRONG><a name="[124]"></a>_float_round</STRONG> (Thumb, 18 bytes, Stack size 0 bytes, fepilogue.o(.text))
<BR><BR>[Called By]<UL><LI><a href="#[122]">&gt;&gt;</a>&nbsp;&nbsp;&nbsp;__aeabi_fadd
</UL>

<P><STRONG><a name="[123]"></a>_float_epilogue</STRONG> (Thumb, 92 bytes, Stack size 4 bytes, fepilogue.o(.text))
<BR><BR>[Stack]<UL><LI>Max Depth = 4<LI>Call Chain = _float_epilogue
</UL>
<BR>[Called By]<UL><LI><a href="#[127]">&gt;&gt;</a>&nbsp;&nbsp;&nbsp;__aeabi_ui2f
<LI><a href="#[122]">&gt;&gt;</a>&nbsp;&nbsp;&nbsp;__aeabi_fadd
</UL>

<P><STRONG><a name="[11b]"></a>__scatterload</STRONG> (Thumb, 28 bytes, Stack size 0 bytes, init.o(.text))
<BR><BR>[Calls]<UL><LI><a href="#[128]">&gt;&gt;</a>&nbsp;&nbsp;&nbsp;__main_after_scatterload
</UL>
<BR>[Called By]<UL><LI><a href="#[11a]">&gt;&gt;</a>&nbsp;&nbsp;&nbsp;_main_scatterload
</UL>

<P><STRONG><a name="[374]"></a>__scatterload_rt2</STRONG> (Thumb, 0 bytes, Stack size 0 bytes, init.o(.text), UNUSED)

<P><STRONG><a name="[375]"></a>__decompress</STRONG> (Thumb, 0 bytes, Stack size unknown bytes, __dczerorl.o(.text), UNUSED)

<P><STRONG><a name="[376]"></a>__decompress0</STRONG> (Thumb, 58 bytes, Stack size unknown bytes, __dczerorl.o(.text), UNUSED)

<P><STRONG><a name="[129]"></a>ADC_ConversionStop</STRONG> (Thumb, 84 bytes, Stack size 16 bytes, stm32wlxx_hal_adc.o(.text.ADC_ConversionStop))
<BR><BR>[Stack]<UL><LI>Max Depth = 16<LI>Call Chain = ADC_ConversionStop
</UL>
<BR>[Calls]<UL><LI><a href="#[12a]">&gt;&gt;</a>&nbsp;&nbsp;&nbsp;HAL_GetTick
</UL>
<BR>[Called By]<UL><LI><a href="#[134]">&gt;&gt;</a>&nbsp;&nbsp;&nbsp;HAL_ADC_Stop
<LI><a href="#[136]">&gt;&gt;</a>&nbsp;&nbsp;&nbsp;HAL_ADC_DeInit
</UL>

<P><STRONG><a name="[12b]"></a>ADC_Disable</STRONG> (Thumb, 104 bytes, Stack size 16 bytes, stm32wlxx_hal_adc.o(.text.ADC_Disable))
<BR><BR>[Stack]<UL><LI>Max Depth = 16<LI>Call Chain = ADC_Disable
</UL>
<BR>[Calls]<UL><LI><a href="#[12a]">&gt;&gt;</a>&nbsp;&nbsp;&nbsp;HAL_GetTick
</UL>
<BR>[Called By]<UL><LI><a href="#[134]">&gt;&gt;</a>&nbsp;&nbsp;&nbsp;HAL_ADC_Stop
<LI><a href="#[136]">&gt;&gt;</a>&nbsp;&nbsp;&nbsp;HAL_ADC_DeInit
<LI><a href="#[12f]">&gt;&gt;</a>&nbsp;&nbsp;&nbsp;HAL_ADCEx_Calibration_Start
</UL>

<P><STRONG><a name="[12c]"></a>ADC_Enable</STRONG> (Thumb, 168 bytes, Stack size 24 bytes, stm32wlxx_hal_adc.o(.text.ADC_Enable))
<BR><BR>[Stack]<UL><LI>Max Depth = 24<LI>Call Chain = ADC_Enable
</UL>
<BR>[Calls]<UL><LI><a href="#[12a]">&gt;&gt;</a>&nbsp;&nbsp;&nbsp;HAL_GetTick
</UL>
<BR>[Called By]<UL><LI><a href="#[132]">&gt;&gt;</a>&nbsp;&nbsp;&nbsp;HAL_ADC_Start
</UL>

<P><STRONG><a name="[137]"></a>AES_CMAC_Final</STRONG> (Thumb, 318 bytes, Stack size 56 bytes, cmac.o(.text.AES_CMAC_Final))
<BR><BR>[Stack]<UL><LI>Max Depth = 160<LI>Call Chain = AES_CMAC_Final &rArr; lorawan_aes_encrypt &rArr; xor_block
</UL>
<BR>[Calls]<UL><LI><a href="#[13a]">&gt;&gt;</a>&nbsp;&nbsp;&nbsp;memcpy1
<LI><a href="#[139]">&gt;&gt;</a>&nbsp;&nbsp;&nbsp;lorawan_aes_encrypt
<LI><a href="#[138]">&gt;&gt;</a>&nbsp;&nbsp;&nbsp;memset1
</UL>
<BR>[Called By]<UL><LI><a href="#[194]">&gt;&gt;</a>&nbsp;&nbsp;&nbsp;ComputeCmac
</UL>

<P><STRONG><a name="[13b]"></a>AES_CMAC_Init</STRONG> (Thumb, 34 bytes, Stack size 16 bytes, cmac.o(.text.AES_CMAC_Init))
<BR><BR>[Stack]<UL><LI>Max Depth = 16<LI>Call Chain = AES_CMAC_Init
</UL>
<BR>[Calls]<UL><LI><a href="#[138]">&gt;&gt;</a>&nbsp;&nbsp;&nbsp;memset1
</UL>
<BR>[Called By]<UL><LI><a href="#[194]">&gt;&gt;</a>&nbsp;&nbsp;&nbsp;ComputeCmac
</UL>

<P><STRONG><a name="[13c]"></a>AES_CMAC_SetKey</STRONG> (Thumb, 10 bytes, Stack size 0 bytes, cmac.o(.text.AES_CMAC_SetKey))
<BR><BR>[Stack]<UL><LI>Max Depth = 40<LI>Call Chain = AES_CMAC_SetKey &rArr; lorawan_aes_set_key
</UL>
<BR>[Calls]<UL><LI><a href="#[13d]">&gt;&gt;</a>&nbsp;&nbsp;&nbsp;lorawan_aes_set_key
</UL>
<BR>[Called By]<UL><LI><a href="#[194]">&gt;&gt;</a>&nbsp;&nbsp;&nbsp;ComputeCmac
</UL>

<P><STRONG><a name="[13e]"></a>AES_CMAC_Update</STRONG> (Thumb, 220 bytes, Stack size 48 bytes, cmac.o(.text.AES_CMAC_Update))
<BR><BR>[Stack]<UL><LI>Max Depth = 152<LI>Call Chain = AES_CMAC_Update &rArr; lorawan_aes_encrypt &rArr; xor_block
</UL>
<BR>[Calls]<UL><LI><a href="#[13a]">&gt;&gt;</a>&nbsp;&nbsp;&nbsp;memcpy1
<LI><a href="#[139]">&gt;&gt;</a>&nbsp;&nbsp;&nbsp;lorawan_aes_encrypt
</UL>
<BR>[Called By]<UL><LI><a href="#[194]">&gt;&gt;</a>&nbsp;&nbsp;&nbsp;ComputeCmac
</UL>

<P><STRONG><a name="[ba]"></a>AT_ADR_get</STRONG> (Thumb, 28 bytes, Stack size 16 bytes, lora_at.o(.text.AT_ADR_get))
<BR><BR>[Stack]<UL><LI>Max Depth = 200<LI>Call Chain = AT_ADR_get &rArr; print_d &rArr; UTIL_ADV_TRACE_COND_FSend &rArr; tiny_vsnprintf_like
</UL>
<BR>[Calls]<UL><LI><a href="#[13f]">&gt;&gt;</a>&nbsp;&nbsp;&nbsp;LmHandlerGetAdrEnable
<LI><a href="#[140]">&gt;&gt;</a>&nbsp;&nbsp;&nbsp;print_d
</UL>
<BR>[Address Reference Count : 1]<UL><LI> lora_command.o(.rodata.ATCommand)
</UL>
<P><STRONG><a name="[bb]"></a>AT_ADR_set</STRONG> (Thumb, 30 bytes, Stack size 8 bytes, lora_at.o(.text.AT_ADR_set))
<BR><BR>[Stack]<UL><LI>Max Depth = 568<LI>Call Chain = AT_ADR_set &rArr; LmHandlerSetAdrEnable &rArr; LoRaMacMibSetRequestConfirm &rArr; LoRaMacCryptoSetKey &rArr; LoRaMacCryptoDeriveLifeTimeKey &rArr; SecureElementDeriveAndStoreKey &rArr; SecureElementSetKey &rArr; SecureElementAesEncrypt &rArr; lorawan_aes_encrypt &rArr; xor_block
</UL>
<BR>[Calls]<UL><LI><a href="#[141]">&gt;&gt;</a>&nbsp;&nbsp;&nbsp;LmHandlerSetAdrEnable
</UL>
<BR>[Address Reference Count : 1]<UL><LI> lora_command.o(.rodata.ATCommand)
</UL>
<P><STRONG><a name="[ab]"></a>AT_AppKey_get</STRONG> (Thumb, 28 bytes, Stack size 24 bytes, lora_at.o(.text.AT_AppKey_get))
<BR><BR>[Stack]<UL><LI>Max Depth = 304<LI>Call Chain = AT_AppKey_get &rArr; print_16_02x &rArr; UTIL_ADV_TRACE_COND_FSend &rArr; tiny_vsnprintf_like
</UL>
<BR>[Calls]<UL><LI><a href="#[142]">&gt;&gt;</a>&nbsp;&nbsp;&nbsp;LmHandlerGetKey
<LI><a href="#[143]">&gt;&gt;</a>&nbsp;&nbsp;&nbsp;print_16_02x
</UL>
<BR>[Address Reference Count : 1]<UL><LI> lora_command.o(.rodata.ATCommand)
</UL>
<P><STRONG><a name="[ac]"></a>AT_AppKey_set</STRONG> (Thumb, 34 bytes, Stack size 24 bytes, lora_at.o(.text.AT_AppKey_set))
<BR><BR>[Stack]<UL><LI>Max Depth = 592<LI>Call Chain = AT_AppKey_set &rArr; LmHandlerSetKey &rArr; LoRaMacMibSetRequestConfirm &rArr; LoRaMacCryptoSetKey &rArr; LoRaMacCryptoDeriveLifeTimeKey &rArr; SecureElementDeriveAndStoreKey &rArr; SecureElementSetKey &rArr; SecureElementAesEncrypt &rArr; lorawan_aes_encrypt &rArr; xor_block
</UL>
<BR>[Calls]<UL><LI><a href="#[145]">&gt;&gt;</a>&nbsp;&nbsp;&nbsp;LmHandlerSetKey
<LI><a href="#[144]">&gt;&gt;</a>&nbsp;&nbsp;&nbsp;sscanf_16_hhx
</UL>
<BR>[Address Reference Count : 1]<UL><LI> lora_command.o(.rodata.ATCommand)
</UL>
<P><STRONG><a name="[af]"></a>AT_AppSKey_get</STRONG> (Thumb, 28 bytes, Stack size 24 bytes, lora_at.o(.text.AT_AppSKey_get))
<BR><BR>[Stack]<UL><LI>Max Depth = 304<LI>Call Chain = AT_AppSKey_get &rArr; print_16_02x &rArr; UTIL_ADV_TRACE_COND_FSend &rArr; tiny_vsnprintf_like
</UL>
<BR>[Calls]<UL><LI><a href="#[142]">&gt;&gt;</a>&nbsp;&nbsp;&nbsp;LmHandlerGetKey
<LI><a href="#[143]">&gt;&gt;</a>&nbsp;&nbsp;&nbsp;print_16_02x
</UL>
<BR>[Address Reference Count : 1]<UL><LI> lora_command.o(.rodata.ATCommand)
</UL>
<P><STRONG><a name="[b0]"></a>AT_AppSKey_set</STRONG> (Thumb, 34 bytes, Stack size 24 bytes, lora_at.o(.text.AT_AppSKey_set))
<BR><BR>[Stack]<UL><LI>Max Depth = 592<LI>Call Chain = AT_AppSKey_set &rArr; LmHandlerSetKey &rArr; LoRaMacMibSetRequestConfirm &rArr; LoRaMacCryptoSetKey &rArr; LoRaMacCryptoDeriveLifeTimeKey &rArr; SecureElementDeriveAndStoreKey &rArr; SecureElementSetKey &rArr; SecureElementAesEncrypt &rArr; lorawan_aes_encrypt &rArr; xor_block
</UL>
<BR>[Calls]<UL><LI><a href="#[145]">&gt;&gt;</a>&nbsp;&nbsp;&nbsp;LmHandlerSetKey
<LI><a href="#[144]">&gt;&gt;</a>&nbsp;&nbsp;&nbsp;sscanf_16_hhx
</UL>
<BR>[Address Reference Count : 1]<UL><LI> lora_command.o(.rodata.ATCommand)
</UL>
<P><STRONG><a name="[dc]"></a>AT_Certif</STRONG> (Thumb, 84 bytes, Stack size 24 bytes, lora_at.o(.text.AT_Certif))
<BR><BR>[Stack]<UL><LI>Max Depth = 784<LI>Call Chain = AT_Certif &rArr; LmHandlerJoin &rArr; LoRaMacMlmeRequest &rArr; ScheduleTx &rArr; LoRaMacCryptoSecureMessage &rArr; SecureElementComputeAesCmac &rArr; ComputeCmac &rArr; AES_CMAC_Final &rArr; lorawan_aes_encrypt &rArr; xor_block
</UL>
<BR>[Calls]<UL><LI><a href="#[77]">&gt;&gt;</a>&nbsp;&nbsp;&nbsp;LmHandlerJoin
<LI><a href="#[146]">&gt;&gt;</a>&nbsp;&nbsp;&nbsp;UTIL_TIMER_Start
<LI><a href="#[7d]">&gt;&gt;</a>&nbsp;&nbsp;&nbsp;UTIL_TIMER_Create
<LI><a href="#[147]">&gt;&gt;</a>&nbsp;&nbsp;&nbsp;UTIL_SEQ_RegTask
</UL>
<BR>[Address Reference Count : 1]<UL><LI> lora_command.o(.rodata.ATCommand)
</UL>
<P><STRONG><a name="[bc]"></a>AT_DataRate_get</STRONG> (Thumb, 28 bytes, Stack size 16 bytes, lora_at.o(.text.AT_DataRate_get))
<BR><BR>[Stack]<UL><LI>Max Depth = 200<LI>Call Chain = AT_DataRate_get &rArr; print_d &rArr; UTIL_ADV_TRACE_COND_FSend &rArr; tiny_vsnprintf_like
</UL>
<BR>[Calls]<UL><LI><a href="#[148]">&gt;&gt;</a>&nbsp;&nbsp;&nbsp;LmHandlerGetTxDatarate
<LI><a href="#[140]">&gt;&gt;</a>&nbsp;&nbsp;&nbsp;print_d
</UL>
<BR>[Address Reference Count : 1]<UL><LI> lora_command.o(.rodata.ATCommand)
</UL>
<P><STRONG><a name="[bd]"></a>AT_DataRate_set</STRONG> (Thumb, 48 bytes, Stack size 16 bytes, lora_at.o(.text.AT_DataRate_set))
<BR><BR>[Stack]<UL><LI>Max Depth = 584<LI>Call Chain = AT_DataRate_set &rArr; LmHandlerSetTxDatarate &rArr; LoRaMacMibSetRequestConfirm &rArr; LoRaMacCryptoSetKey &rArr; LoRaMacCryptoDeriveLifeTimeKey &rArr; SecureElementDeriveAndStoreKey &rArr; SecureElementSetKey &rArr; SecureElementAesEncrypt &rArr; lorawan_aes_encrypt &rArr; xor_block
</UL>
<BR>[Calls]<UL><LI><a href="#[149]">&gt;&gt;</a>&nbsp;&nbsp;&nbsp;tiny_sscanf
<LI><a href="#[14a]">&gt;&gt;</a>&nbsp;&nbsp;&nbsp;LmHandlerSetTxDatarate
</UL>
<BR>[Address Reference Count : 1]<UL><LI> lora_command.o(.rodata.ATCommand)
</UL>
<P><STRONG><a name="[b1]"></a>AT_DevAddr_get</STRONG> (Thumb, 84 bytes, Stack size 32 bytes, lora_at.o(.text.AT_DevAddr_get))
<BR><BR>[Stack]<UL><LI>Max Depth = 200<LI>Call Chain = AT_DevAddr_get &rArr; UTIL_ADV_TRACE_COND_FSend &rArr; tiny_vsnprintf_like
</UL>
<BR>[Calls]<UL><LI><a href="#[14b]">&gt;&gt;</a>&nbsp;&nbsp;&nbsp;LmHandlerGetDevAddr
<LI><a href="#[66]">&gt;&gt;</a>&nbsp;&nbsp;&nbsp;UTIL_ADV_TRACE_COND_FSend
</UL>
<BR>[Address Reference Count : 1]<UL><LI> lora_command.o(.rodata.ATCommand)
</UL>
<P><STRONG><a name="[b2]"></a>AT_DevAddr_set</STRONG> (Thumb, 64 bytes, Stack size 24 bytes, lora_at.o(.text.AT_DevAddr_set))
<BR><BR>[Stack]<UL><LI>Max Depth = 584<LI>Call Chain = AT_DevAddr_set &rArr; LmHandlerSetDevAddr &rArr; LoRaMacMibSetRequestConfirm &rArr; LoRaMacCryptoSetKey &rArr; LoRaMacCryptoDeriveLifeTimeKey &rArr; SecureElementDeriveAndStoreKey &rArr; SecureElementSetKey &rArr; SecureElementAesEncrypt &rArr; lorawan_aes_encrypt &rArr; xor_block
</UL>
<BR>[Calls]<UL><LI><a href="#[149]">&gt;&gt;</a>&nbsp;&nbsp;&nbsp;tiny_sscanf
<LI><a href="#[14c]">&gt;&gt;</a>&nbsp;&nbsp;&nbsp;LmHandlerSetDevAddr
</UL>
<BR>[Address Reference Count : 1]<UL><LI> lora_command.o(.rodata.ATCommand)
</UL>
<P><STRONG><a name="[b3]"></a>AT_DevEUI_get</STRONG> (Thumb, 24 bytes, Stack size 16 bytes, lora_at.o(.text.AT_DevEUI_get))
<BR><BR>[Stack]<UL><LI>Max Depth = 240<LI>Call Chain = AT_DevEUI_get &rArr; print_8_02x &rArr; UTIL_ADV_TRACE_COND_FSend &rArr; tiny_vsnprintf_like
</UL>
<BR>[Calls]<UL><LI><a href="#[14d]">&gt;&gt;</a>&nbsp;&nbsp;&nbsp;LmHandlerGetDevEUI
<LI><a href="#[14e]">&gt;&gt;</a>&nbsp;&nbsp;&nbsp;print_8_02x
</UL>
<BR>[Address Reference Count : 1]<UL><LI> lora_command.o(.rodata.ATCommand)
</UL>
<P><STRONG><a name="[b4]"></a>AT_DevEUI_set</STRONG> (Thumb, 64 bytes, Stack size 56 bytes, lora_at.o(.text.AT_DevEUI_set))
<BR><BR>[Stack]<UL><LI>Max Depth = 616<LI>Call Chain = AT_DevEUI_set &rArr; LmHandlerSetDevEUI &rArr; LoRaMacMibSetRequestConfirm &rArr; LoRaMacCryptoSetKey &rArr; LoRaMacCryptoDeriveLifeTimeKey &rArr; SecureElementDeriveAndStoreKey &rArr; SecureElementSetKey &rArr; SecureElementAesEncrypt &rArr; lorawan_aes_encrypt &rArr; xor_block
</UL>
<BR>[Calls]<UL><LI><a href="#[149]">&gt;&gt;</a>&nbsp;&nbsp;&nbsp;tiny_sscanf
<LI><a href="#[14f]">&gt;&gt;</a>&nbsp;&nbsp;&nbsp;LmHandlerSetDevEUI
</UL>
<BR>[Address Reference Count : 1]<UL><LI> lora_command.o(.rodata.ATCommand)
</UL>
<P><STRONG><a name="[c0]"></a>AT_DeviceClass_get</STRONG> (Thumb, 168 bytes, Stack size 16 bytes, lora_at.o(.text.AT_DeviceClass_get))
<BR><BR>[Stack]<UL><LI>Max Depth = 184<LI>Call Chain = AT_DeviceClass_get &rArr; UTIL_ADV_TRACE_COND_FSend &rArr; tiny_vsnprintf_like
</UL>
<BR>[Calls]<UL><LI><a href="#[150]">&gt;&gt;</a>&nbsp;&nbsp;&nbsp;LoraInfo_GetPtr
<LI><a href="#[151]">&gt;&gt;</a>&nbsp;&nbsp;&nbsp;LmHandlerGetCurrentClass
<LI><a href="#[152]">&gt;&gt;</a>&nbsp;&nbsp;&nbsp;LmHandlerGetBeaconState
<LI><a href="#[66]">&gt;&gt;</a>&nbsp;&nbsp;&nbsp;UTIL_ADV_TRACE_COND_FSend
</UL>
<BR>[Address Reference Count : 1]<UL><LI> lora_command.o(.rodata.ATCommand)
</UL>
<P><STRONG><a name="[c1]"></a>AT_DeviceClass_set</STRONG> (Thumb, 84 bytes, Stack size 8 bytes, lora_at.o(.text.AT_DeviceClass_set))
<BR><BR>[Stack]<UL><LI>Max Depth = 568<LI>Call Chain = AT_DeviceClass_set &rArr; LmHandlerRequestClass &rArr; LoRaMacMibSetRequestConfirm &rArr; LoRaMacCryptoSetKey &rArr; LoRaMacCryptoDeriveLifeTimeKey &rArr; SecureElementDeriveAndStoreKey &rArr; SecureElementSetKey &rArr; SecureElementAesEncrypt &rArr; lorawan_aes_encrypt &rArr; xor_block
</UL>
<BR>[Calls]<UL><LI><a href="#[150]">&gt;&gt;</a>&nbsp;&nbsp;&nbsp;LoraInfo_GetPtr
<LI><a href="#[153]">&gt;&gt;</a>&nbsp;&nbsp;&nbsp;LmHandlerRequestClass
</UL>
<BR>[Address Reference Count : 1]<UL><LI> lora_command.o(.rodata.ATCommand)
</UL>
<P><STRONG><a name="[c2]"></a>AT_DutyCycle_get</STRONG> (Thumb, 28 bytes, Stack size 16 bytes, lora_at.o(.text.AT_DutyCycle_get))
<BR><BR>[Stack]<UL><LI>Max Depth = 200<LI>Call Chain = AT_DutyCycle_get &rArr; print_d &rArr; UTIL_ADV_TRACE_COND_FSend &rArr; tiny_vsnprintf_like
</UL>
<BR>[Calls]<UL><LI><a href="#[154]">&gt;&gt;</a>&nbsp;&nbsp;&nbsp;LmHandlerGetDutyCycleEnable
<LI><a href="#[140]">&gt;&gt;</a>&nbsp;&nbsp;&nbsp;print_d
</UL>
<BR>[Address Reference Count : 1]<UL><LI> lora_command.o(.rodata.ATCommand)
</UL>
<P><STRONG><a name="[c3]"></a>AT_DutyCycle_set</STRONG> (Thumb, 30 bytes, Stack size 8 bytes, lora_at.o(.text.AT_DutyCycle_set))
<BR><BR>[Stack]<UL><LI>Max Depth = 72<LI>Call Chain = AT_DutyCycle_set &rArr; LmHandlerSetDutyCycleEnable &rArr; LoRaMacTestSetDutyCycleOn &rArr; RegionVerify &rArr; RegionEU868Verify &rArr; VerifyRfFreq
</UL>
<BR>[Calls]<UL><LI><a href="#[155]">&gt;&gt;</a>&nbsp;&nbsp;&nbsp;LmHandlerSetDutyCycleEnable
</UL>
<BR>[Address Reference Count : 1]<UL><LI> lora_command.o(.rodata.ATCommand)
</UL>
<P><STRONG><a name="[b7]"></a>AT_Join</STRONG> (Thumb, 32 bytes, Stack size 8 bytes, lora_at.o(.text.AT_Join))
<BR><BR>[Stack]<UL><LI>Max Depth = 768<LI>Call Chain = AT_Join &rArr; LmHandlerJoin &rArr; LoRaMacMlmeRequest &rArr; ScheduleTx &rArr; LoRaMacCryptoSecureMessage &rArr; SecureElementComputeAesCmac &rArr; ComputeCmac &rArr; AES_CMAC_Final &rArr; lorawan_aes_encrypt &rArr; xor_block
</UL>
<BR>[Calls]<UL><LI><a href="#[77]">&gt;&gt;</a>&nbsp;&nbsp;&nbsp;LmHandlerJoin
</UL>
<BR>[Address Reference Count : 1]<UL><LI> lora_command.o(.rodata.ATCommand)
</UL>
<P><STRONG><a name="[c4]"></a>AT_JoinAcceptDelay1_get</STRONG> (Thumb, 24 bytes, Stack size 16 bytes, lora_at.o(.text.AT_JoinAcceptDelay1_get))
<BR><BR>[Stack]<UL><LI>Max Depth = 200<LI>Call Chain = AT_JoinAcceptDelay1_get &rArr; print_u &rArr; UTIL_ADV_TRACE_COND_FSend &rArr; tiny_vsnprintf_like
</UL>
<BR>[Calls]<UL><LI><a href="#[156]">&gt;&gt;</a>&nbsp;&nbsp;&nbsp;LmHandlerGetJoinRx1Delay
<LI><a href="#[157]">&gt;&gt;</a>&nbsp;&nbsp;&nbsp;print_u
</UL>
<BR>[Address Reference Count : 1]<UL><LI> lora_command.o(.rodata.ATCommand)
</UL>
<P><STRONG><a name="[c5]"></a>AT_JoinAcceptDelay1_set</STRONG> (Thumb, 36 bytes, Stack size 16 bytes, lora_at.o(.text.AT_JoinAcceptDelay1_set))
<BR><BR>[Stack]<UL><LI>Max Depth = 576<LI>Call Chain = AT_JoinAcceptDelay1_set &rArr; LmHandlerSetJoinRx1Delay &rArr; LoRaMacMibSetRequestConfirm &rArr; LoRaMacCryptoSetKey &rArr; LoRaMacCryptoDeriveLifeTimeKey &rArr; SecureElementDeriveAndStoreKey &rArr; SecureElementSetKey &rArr; SecureElementAesEncrypt &rArr; lorawan_aes_encrypt &rArr; xor_block
</UL>
<BR>[Calls]<UL><LI><a href="#[149]">&gt;&gt;</a>&nbsp;&nbsp;&nbsp;tiny_sscanf
<LI><a href="#[158]">&gt;&gt;</a>&nbsp;&nbsp;&nbsp;LmHandlerSetJoinRx1Delay
</UL>
<BR>[Address Reference Count : 1]<UL><LI> lora_command.o(.rodata.ATCommand)
</UL>
<P><STRONG><a name="[c6]"></a>AT_JoinAcceptDelay2_get</STRONG> (Thumb, 24 bytes, Stack size 16 bytes, lora_at.o(.text.AT_JoinAcceptDelay2_get))
<BR><BR>[Stack]<UL><LI>Max Depth = 200<LI>Call Chain = AT_JoinAcceptDelay2_get &rArr; print_u &rArr; UTIL_ADV_TRACE_COND_FSend &rArr; tiny_vsnprintf_like
</UL>
<BR>[Calls]<UL><LI><a href="#[159]">&gt;&gt;</a>&nbsp;&nbsp;&nbsp;LmHandlerGetJoinRx2Delay
<LI><a href="#[157]">&gt;&gt;</a>&nbsp;&nbsp;&nbsp;print_u
</UL>
<BR>[Address Reference Count : 1]<UL><LI> lora_command.o(.rodata.ATCommand)
</UL>
<P><STRONG><a name="[c7]"></a>AT_JoinAcceptDelay2_set</STRONG> (Thumb, 36 bytes, Stack size 16 bytes, lora_at.o(.text.AT_JoinAcceptDelay2_set))
<BR><BR>[Stack]<UL><LI>Max Depth = 576<LI>Call Chain = AT_JoinAcceptDelay2_set &rArr; LmHandlerSetJoinRx2Delay &rArr; LoRaMacMibSetRequestConfirm &rArr; LoRaMacCryptoSetKey &rArr; LoRaMacCryptoDeriveLifeTimeKey &rArr; SecureElementDeriveAndStoreKey &rArr; SecureElementSetKey &rArr; SecureElementAesEncrypt &rArr; lorawan_aes_encrypt &rArr; xor_block
</UL>
<BR>[Calls]<UL><LI><a href="#[149]">&gt;&gt;</a>&nbsp;&nbsp;&nbsp;tiny_sscanf
<LI><a href="#[15a]">&gt;&gt;</a>&nbsp;&nbsp;&nbsp;LmHandlerSetJoinRx2Delay
</UL>
<BR>[Address Reference Count : 1]<UL><LI> lora_command.o(.rodata.ATCommand)
</UL>
<P><STRONG><a name="[a7]"></a>AT_JoinEUI_get</STRONG> (Thumb, 24 bytes, Stack size 16 bytes, lora_at.o(.text.AT_JoinEUI_get))
<BR><BR>[Stack]<UL><LI>Max Depth = 240<LI>Call Chain = AT_JoinEUI_get &rArr; print_8_02x &rArr; UTIL_ADV_TRACE_COND_FSend &rArr; tiny_vsnprintf_like
</UL>
<BR>[Calls]<UL><LI><a href="#[15b]">&gt;&gt;</a>&nbsp;&nbsp;&nbsp;LmHandlerGetAppEUI
<LI><a href="#[14e]">&gt;&gt;</a>&nbsp;&nbsp;&nbsp;print_8_02x
</UL>
<BR>[Address Reference Count : 1]<UL><LI> lora_command.o(.rodata.ATCommand)
</UL>
<P><STRONG><a name="[a8]"></a>AT_JoinEUI_set</STRONG> (Thumb, 68 bytes, Stack size 56 bytes, lora_at.o(.text.AT_JoinEUI_set))
[...]
</UL>
<P><STRONG><a name="[f7]"></a>RadioRxBoosted</STRONG> (Thumb, 104 bytes, Stack size 16 bytes, radio.o(.text.RadioRxBoosted))
<BR><BR>[Stack]<UL><LI>Max Depth = 100<LI>Call Chain = RadioRxBoosted &rArr; SUBGRF_SetSwitch &rArr; Radio_SMPS_Set &rArr; SUBGRF_ReadRegister &rArr; HAL_SUBGHZ_ReadRegisters &rArr; SUBGHZSPI_Receive
</UL>
<BR>[Calls]<UL><LI><a href="#[146]">&gt;&gt;</a>&nbsp;&nbsp;&nbsp;UTIL_TIMER_Start
<LI><a href="#[235]">&gt;&gt;</a>&nbsp;&nbsp;&nbsp;UTIL_TIMER_SetPeriod
<LI><a href="#[2d2]">&gt;&gt;</a>&nbsp;&nbsp;&nbsp;SUBGRF_SetSwitch
<LI><a href="#[2d4]">&gt;&gt;</a>&nbsp;&nbsp;&nbsp;SUBGRF_SetRxBoosted
<LI><a href="#[2c4]">&gt;&gt;</a>&nbsp;&nbsp;&nbsp;SUBGRF_SetDioIrqParams
<LI><a href="#[2d1]">&gt;&gt;</a>&nbsp;&nbsp;&nbsp;RFW_ReceiveInit
<LI><a href="#[2ca]">&gt;&gt;</a>&nbsp;&nbsp;&nbsp;RFW_Is_Init
</UL>
<BR>[Address Reference Count : 1]<UL><LI> radio.o(.rodata.Radio)
</UL>
<P><STRONG><a name="[e8]"></a>RadioSend</STRONG> (Thumb, 256 bytes, Stack size 24 bytes, radio.o(.text.RadioSend))
<BR><BR>[Stack]<UL><LI>Max Depth = 192<LI>Call Chain = RadioSend &rArr; UTIL_ADV_TRACE_COND_FSend &rArr; tiny_vsnprintf_like
</UL>
<BR>[Calls]<UL><LI><a href="#[146]">&gt;&gt;</a>&nbsp;&nbsp;&nbsp;UTIL_TIMER_Start
<LI><a href="#[66]">&gt;&gt;</a>&nbsp;&nbsp;&nbsp;UTIL_ADV_TRACE_COND_FSend
<LI><a href="#[235]">&gt;&gt;</a>&nbsp;&nbsp;&nbsp;UTIL_TIMER_SetPeriod
<LI><a href="#[91]">&gt;&gt;</a>&nbsp;&nbsp;&nbsp;SUBGRF_WriteRegister
<LI><a href="#[2d2]">&gt;&gt;</a>&nbsp;&nbsp;&nbsp;SUBGRF_SetSwitch
<LI><a href="#[2d6]">&gt;&gt;</a>&nbsp;&nbsp;&nbsp;SUBGRF_SetPacketParams
<LI><a href="#[2c4]">&gt;&gt;</a>&nbsp;&nbsp;&nbsp;SUBGRF_SetDioIrqParams
<LI><a href="#[2d7]">&gt;&gt;</a>&nbsp;&nbsp;&nbsp;SUBGRF_SendPayload
<LI><a href="#[92]">&gt;&gt;</a>&nbsp;&nbsp;&nbsp;SUBGRF_ReadRegister
<LI><a href="#[2d5]">&gt;&gt;</a>&nbsp;&nbsp;&nbsp;RFW_TransmitInit
<LI><a href="#[2ca]">&gt;&gt;</a>&nbsp;&nbsp;&nbsp;RFW_Is_Init
</UL>
<BR>[Address Reference Count : 1]<UL><LI> radio.o(.rodata.Radio)
</UL>
<P><STRONG><a name="[e1]"></a>RadioSetChannel</STRONG> (Thumb, 4 bytes, Stack size 0 bytes, radio.o(.text.RadioSetChannel))
<BR><BR>[Stack]<UL><LI>Max Depth = 84<LI>Call Chain = RadioSetChannel &rArr; SUBGRF_SetRfFrequency &rArr; SUBGRF_CalibrateImage &rArr; SUBGRF_WriteCommand &rArr; HAL_SUBGHZ_ExecSetCmd &rArr; SUBGHZSPI_Transmit
</UL>
<BR>[Calls]<UL><LI><a href="#[2cd]">&gt;&gt;</a>&nbsp;&nbsp;&nbsp;SUBGRF_SetRfFrequency
</UL>
<BR>[Address Reference Count : 1]<UL><LI> radio.o(.rodata.Radio)
</UL>
<P><STRONG><a name="[f3]"></a>RadioSetMaxPayloadLength</STRONG> (Thumb, 36 bytes, Stack size 0 bytes, radio.o(.text.RadioSetMaxPayloadLength))
<BR><BR>[Stack]<UL><LI>Max Depth = 108<LI>Call Chain = RadioSetMaxPayloadLength &rArr; SUBGRF_SetPacketParams &rArr; SUBGRF_SetPacketType &rArr; SUBGRF_WriteRegister &rArr; HAL_SUBGHZ_WriteRegisters &rArr; SUBGHZSPI_Transmit
</UL>
<BR>[Calls]<UL><LI><a href="#[2d6]">&gt;&gt;</a>&nbsp;&nbsp;&nbsp;SUBGRF_SetPacketParams
</UL>
<BR>[Address Reference Count : 1]<UL><LI> radio.o(.rodata.Radio)
</UL>
<P><STRONG><a name="[e0]"></a>RadioSetModem</STRONG> (Thumb, 80 bytes, Stack size 16 bytes, radio.o(.text.RadioSetModem))
<BR><BR>[Stack]<UL><LI>Max Depth = 92<LI>Call Chain = RadioSetModem &rArr; SUBGRF_SetPacketType &rArr; SUBGRF_WriteRegister &rArr; HAL_SUBGHZ_WriteRegisters &rArr; SUBGHZSPI_Transmit
</UL>
<BR>[Calls]<UL><LI><a href="#[2d9]">&gt;&gt;</a>&nbsp;&nbsp;&nbsp;SUBGRF_SetPacketType
<LI><a href="#[2d8]">&gt;&gt;</a>&nbsp;&nbsp;&nbsp;RFW_SetRadioModem
<LI><a href="#[f4]">&gt;&gt;</a>&nbsp;&nbsp;&nbsp;RadioSetPublicNetwork
</UL>
<BR>[Called By]<UL><LI><a href="#[fc]">&gt;&gt;</a>&nbsp;&nbsp;&nbsp;RadioSetTxGenericConfig
<LI><a href="#[e5]">&gt;&gt;</a>&nbsp;&nbsp;&nbsp;RadioSetTxConfig
<LI><a href="#[fb]">&gt;&gt;</a>&nbsp;&nbsp;&nbsp;RadioSetRxGenericConfig
<LI><a href="#[e4]">&gt;&gt;</a>&nbsp;&nbsp;&nbsp;RadioSetRxConfig
<LI><a href="#[f4]">&gt;&gt;</a>&nbsp;&nbsp;&nbsp;RadioSetPublicNetwork
<LI><a href="#[e2]">&gt;&gt;</a>&nbsp;&nbsp;&nbsp;RadioIsChannelFree
</UL>
<BR>[Address Reference Count : 1]<UL><LI> radio.o(.rodata.Radio)
</UL>
<P><STRONG><a name="[f4]"></a>RadioSetPublicNetwork</STRONG> (Thumb, 56 bytes, Stack size 8 bytes, radio.o(.text.RadioSetPublicNetwork))
<BR><BR>[Stack]<UL><LI>Max Depth = 100 + In Cycle
<LI>Call Chain = RadioSetPublicNetwork &rArr;  RadioSetModem (Cycle)
</UL>
<BR>[Calls]<UL><LI><a href="#[91]">&gt;&gt;</a>&nbsp;&nbsp;&nbsp;SUBGRF_WriteRegister
<LI><a href="#[e0]">&gt;&gt;</a>&nbsp;&nbsp;&nbsp;RadioSetModem
</UL>
<BR>[Called By]<UL><LI><a href="#[e0]">&gt;&gt;</a>&nbsp;&nbsp;&nbsp;RadioSetModem
</UL>
<BR>[Address Reference Count : 1]<UL><LI> radio.o(.rodata.Radio)
</UL>
<P><STRONG><a name="[e4]"></a>RadioSetRxConfig</STRONG> (Thumb, 460 bytes, Stack size 48 bytes, radio.o(.text.RadioSetRxConfig))
<BR><BR>[Stack]<UL><LI>Max Depth = 156<LI>Call Chain = RadioSetRxConfig &rArr; SUBGRF_SetPacketParams &rArr; SUBGRF_SetPacketType &rArr; SUBGRF_WriteRegister &rArr; HAL_SUBGHZ_WriteRegisters &rArr; SUBGHZSPI_Transmit
</UL>
<BR>[Calls]<UL><LI><a href="#[91]">&gt;&gt;</a>&nbsp;&nbsp;&nbsp;SUBGRF_WriteRegister
<LI><a href="#[2df]">&gt;&gt;</a>&nbsp;&nbsp;&nbsp;SUBGRF_SetWhiteningSeed
<LI><a href="#[2de]">&gt;&gt;</a>&nbsp;&nbsp;&nbsp;SUBGRF_SetSyncWord
<LI><a href="#[2db]">&gt;&gt;</a>&nbsp;&nbsp;&nbsp;SUBGRF_SetStopRxTimerOnPreambleDetect
<LI><a href="#[2d6]">&gt;&gt;</a>&nbsp;&nbsp;&nbsp;SUBGRF_SetPacketParams
<LI><a href="#[2dd]">&gt;&gt;</a>&nbsp;&nbsp;&nbsp;SUBGRF_SetModulationParams
<LI><a href="#[2e0]">&gt;&gt;</a>&nbsp;&nbsp;&nbsp;SUBGRF_SetLoRaSymbNumTimeout
<LI><a href="#[92]">&gt;&gt;</a>&nbsp;&nbsp;&nbsp;SUBGRF_ReadRegister
<LI><a href="#[2dc]">&gt;&gt;</a>&nbsp;&nbsp;&nbsp;SUBGRF_GetFskBandwidthRegValue
<LI><a href="#[2da]">&gt;&gt;</a>&nbsp;&nbsp;&nbsp;RFW_DeInit
<LI><a href="#[ea]">&gt;&gt;</a>&nbsp;&nbsp;&nbsp;RadioStandby
<LI><a href="#[e0]">&gt;&gt;</a>&nbsp;&nbsp;&nbsp;RadioSetModem
</UL>
<BR>[Called By]<UL><LI><a href="#[e2]">&gt;&gt;</a>&nbsp;&nbsp;&nbsp;RadioIsChannelFree
</UL>
<BR>[Address Reference Count : 1]<UL><LI> radio.o(.rodata.Radio)
</UL>
<P><STRONG><a name="[f8]"></a>RadioSetRxDutyCycle</STRONG> (Thumb, 56 bytes, Stack size 16 bytes, radio.o(.text.RadioSetRxDutyCycle))
<BR><BR>[Stack]<UL><LI>Max Depth = 100<LI>Call Chain = RadioSetRxDutyCycle &rArr; SUBGRF_SetSwitch &rArr; Radio_SMPS_Set &rArr; SUBGRF_ReadRegister &rArr; HAL_SUBGHZ_ReadRegisters &rArr; SUBGHZSPI_Receive
</UL>
<BR>[Calls]<UL><LI><a href="#[2d2]">&gt;&gt;</a>&nbsp;&nbsp;&nbsp;SUBGRF_SetSwitch
<LI><a href="#[2e1]">&gt;&gt;</a>&nbsp;&nbsp;&nbsp;SUBGRF_SetRxDutyCycle
<LI><a href="#[2c4]">&gt;&gt;</a>&nbsp;&nbsp;&nbsp;SUBGRF_SetDioIrqParams
</UL>
<BR>[Address Reference Count : 1]<UL><LI> radio.o(.rodata.Radio)
</UL>
<P><STRONG><a name="[fb]"></a>RadioSetRxGenericConfig</STRONG> (Thumb, 508 bytes, Stack size 56 bytes, radio.o(.text.RadioSetRxGenericConfig))
<BR><BR>[Stack]<UL><LI>Max Depth = 164<LI>Call Chain = RadioSetRxGenericConfig &rArr; SUBGRF_SetPacketParams &rArr; SUBGRF_SetPacketType &rArr; SUBGRF_WriteRegister &rArr; HAL_SUBGHZ_WriteRegisters &rArr; SUBGHZSPI_Transmit
</UL>
<BR>[Calls]<UL><LI><a href="#[1a4]">&gt;&gt;</a>&nbsp;&nbsp;&nbsp;UTIL_MEM_cpy_8
<LI><a href="#[91]">&gt;&gt;</a>&nbsp;&nbsp;&nbsp;SUBGRF_WriteRegister
<LI><a href="#[2df]">&gt;&gt;</a>&nbsp;&nbsp;&nbsp;SUBGRF_SetWhiteningSeed
<LI><a href="#[2de]">&gt;&gt;</a>&nbsp;&nbsp;&nbsp;SUBGRF_SetSyncWord
<LI><a href="#[2db]">&gt;&gt;</a>&nbsp;&nbsp;&nbsp;SUBGRF_SetStopRxTimerOnPreambleDetect
<LI><a href="#[2d6]">&gt;&gt;</a>&nbsp;&nbsp;&nbsp;SUBGRF_SetPacketParams
<LI><a href="#[2dd]">&gt;&gt;</a>&nbsp;&nbsp;&nbsp;SUBGRF_SetModulationParams
<LI><a href="#[2e0]">&gt;&gt;</a>&nbsp;&nbsp;&nbsp;SUBGRF_SetLoRaSymbNumTimeout
<LI><a href="#[2e3]">&gt;&gt;</a>&nbsp;&nbsp;&nbsp;SUBGRF_SetCrcPolynomial
<LI><a href="#[92]">&gt;&gt;</a>&nbsp;&nbsp;&nbsp;SUBGRF_ReadRegister
<LI><a href="#[2dc]">&gt;&gt;</a>&nbsp;&nbsp;&nbsp;SUBGRF_GetFskBandwidthRegValue
<LI><a href="#[2e2]">&gt;&gt;</a>&nbsp;&nbsp;&nbsp;RFW_Init
<LI><a href="#[2da]">&gt;&gt;</a>&nbsp;&nbsp;&nbsp;RFW_DeInit
<LI><a href="#[ea]">&gt;&gt;</a>&nbsp;&nbsp;&nbsp;RadioStandby
<LI><a href="#[e0]">&gt;&gt;</a>&nbsp;&nbsp;&nbsp;RadioSetModem
</UL>
<BR>[Address Reference Count : 1]<UL><LI> radio.o(.rodata.Radio)
</UL>
<P><STRONG><a name="[e5]"></a>RadioSetTxConfig</STRONG> (Thumb, 356 bytes, Stack size 48 bytes, radio.o(.text.RadioSetTxConfig))
<BR><BR>[Stack]<UL><LI>Max Depth = 156<LI>Call Chain = RadioSetTxConfig &rArr; SUBGRF_SetRfTxPower &rArr; SUBGRF_SetTxParams &rArr; SUBGRF_ReadRegister &rArr; HAL_SUBGHZ_ReadRegisters &rArr; SUBGHZSPI_Receive
</UL>
<BR>[Calls]<UL><LI><a href="#[91]">&gt;&gt;</a>&nbsp;&nbsp;&nbsp;SUBGRF_WriteRegister
<LI><a href="#[2df]">&gt;&gt;</a>&nbsp;&nbsp;&nbsp;SUBGRF_SetWhiteningSeed
<LI><a href="#[2de]">&gt;&gt;</a>&nbsp;&nbsp;&nbsp;SUBGRF_SetSyncWord
<LI><a href="#[2e4]">&gt;&gt;</a>&nbsp;&nbsp;&nbsp;SUBGRF_SetRfTxPower
<LI><a href="#[2d6]">&gt;&gt;</a>&nbsp;&nbsp;&nbsp;SUBGRF_SetPacketParams
<LI><a href="#[2dd]">&gt;&gt;</a>&nbsp;&nbsp;&nbsp;SUBGRF_SetModulationParams
<LI><a href="#[2dc]">&gt;&gt;</a>&nbsp;&nbsp;&nbsp;SUBGRF_GetFskBandwidthRegValue
<LI><a href="#[2e5]">&gt;&gt;</a>&nbsp;&nbsp;&nbsp;RFW_SetAntSwitch
<LI><a href="#[2da]">&gt;&gt;</a>&nbsp;&nbsp;&nbsp;RFW_DeInit
<LI><a href="#[ea]">&gt;&gt;</a>&nbsp;&nbsp;&nbsp;RadioStandby
<LI><a href="#[e0]">&gt;&gt;</a>&nbsp;&nbsp;&nbsp;RadioSetModem
</UL>
<BR>[Address Reference Count : 1]<UL><LI> radio.o(.rodata.Radio)
</UL>
<P><STRONG><a name="[ed]"></a>RadioSetTxContinuousWave</STRONG> (Thumb, 72 bytes, Stack size 16 bytes, radio.o(.text.RadioSetTxContinuousWave))
<BR><BR>[Stack]<UL><LI>Max Depth = 124<LI>Call Chain = RadioSetTxContinuousWave &rArr; SUBGRF_SetRfTxPower &rArr; SUBGRF_SetTxParams &rArr; SUBGRF_ReadRegister &rArr; HAL_SUBGHZ_ReadRegisters &rArr; SUBGHZSPI_Receive
</UL>
<BR>[Calls]<UL><LI><a href="#[146]">&gt;&gt;</a>&nbsp;&nbsp;&nbsp;UTIL_TIMER_Start
<LI><a href="#[235]">&gt;&gt;</a>&nbsp;&nbsp;&nbsp;UTIL_TIMER_SetPeriod
<LI><a href="#[91]">&gt;&gt;</a>&nbsp;&nbsp;&nbsp;SUBGRF_WriteRegister
<LI><a href="#[2e6]">&gt;&gt;</a>&nbsp;&nbsp;&nbsp;SUBGRF_SetTxContinuousWave
<LI><a href="#[2d2]">&gt;&gt;</a>&nbsp;&nbsp;&nbsp;SUBGRF_SetSwitch
<LI><a href="#[2e4]">&gt;&gt;</a>&nbsp;&nbsp;&nbsp;SUBGRF_SetRfTxPower
<LI><a href="#[2cd]">&gt;&gt;</a>&nbsp;&nbsp;&nbsp;SUBGRF_SetRfFrequency
</UL>
<BR>[Address Reference Count : 1]<UL><LI> radio.o(.rodata.Radio)
</UL>
<P><STRONG><a name="[fc]"></a>RadioSetTxGenericConfig</STRONG> (Thumb, 616 bytes, Stack size 56 bytes, radio.o(.text.RadioSetTxGenericConfig))
<BR><BR>[Stack]<UL><LI>Max Depth = 164<LI>Call Chain = RadioSetTxGenericConfig &rArr; SUBGRF_SetRfTxPower &rArr; SUBGRF_SetTxParams &rArr; SUBGRF_ReadRegister &rArr; HAL_SUBGHZ_ReadRegisters &rArr; SUBGHZSPI_Receive
</UL>
<BR>[Calls]<UL><LI><a href="#[1a4]">&gt;&gt;</a>&nbsp;&nbsp;&nbsp;UTIL_MEM_cpy_8
<LI><a href="#[91]">&gt;&gt;</a>&nbsp;&nbsp;&nbsp;SUBGRF_WriteRegister
<LI><a href="#[2df]">&gt;&gt;</a>&nbsp;&nbsp;&nbsp;SUBGRF_SetWhiteningSeed
<LI><a href="#[2de]">&gt;&gt;</a>&nbsp;&nbsp;&nbsp;SUBGRF_SetSyncWord
<LI><a href="#[2e4]">&gt;&gt;</a>&nbsp;&nbsp;&nbsp;SUBGRF_SetRfTxPower
<LI><a href="#[2d6]">&gt;&gt;</a>&nbsp;&nbsp;&nbsp;SUBGRF_SetPacketParams
<LI><a href="#[2dd]">&gt;&gt;</a>&nbsp;&nbsp;&nbsp;SUBGRF_SetModulationParams
<LI><a href="#[2e3]">&gt;&gt;</a>&nbsp;&nbsp;&nbsp;SUBGRF_SetCrcPolynomial
<LI><a href="#[92]">&gt;&gt;</a>&nbsp;&nbsp;&nbsp;SUBGRF_ReadRegister
<LI><a href="#[2e5]">&gt;&gt;</a>&nbsp;&nbsp;&nbsp;RFW_SetAntSwitch
<LI><a href="#[2e2]">&gt;&gt;</a>&nbsp;&nbsp;&nbsp;RFW_Init
<LI><a href="#[2da]">&gt;&gt;</a>&nbsp;&nbsp;&nbsp;RFW_DeInit
<LI><a href="#[ea]">&gt;&gt;</a>&nbsp;&nbsp;&nbsp;RadioStandby
<LI><a href="#[e0]">&gt;&gt;</a>&nbsp;&nbsp;&nbsp;RadioSetModem
</UL>
<BR>[Address Reference Count : 1]<UL><LI> radio.o(.rodata.Radio)
</UL>
<P><STRONG><a name="[e9]"></a>RadioSleep</STRONG> (Thumb, 18 bytes, Stack size 8 bytes, radio.o(.text.RadioSleep))
<BR><BR>[Stack]<UL><LI>Max Depth = 108<LI>Call Chain = RadioSleep &rArr; SUBGRF_SetSleep &rArr; Radio_SMPS_Set &rArr; SUBGRF_ReadRegister &rArr; HAL_SUBGHZ_ReadRegisters &rArr; SUBGHZSPI_Receive
</UL>
<BR>[Calls]<UL><LI><a href="#[1b8]">&gt;&gt;</a>&nbsp;&nbsp;&nbsp;HAL_Delay
<LI><a href="#[2e7]">&gt;&gt;</a>&nbsp;&nbsp;&nbsp;SUBGRF_SetSleep
</UL>
<BR>[Called By]<UL><LI><a href="#[de]">&gt;&gt;</a>&nbsp;&nbsp;&nbsp;RadioInit
</UL>
<BR>[Address Reference Count : 1]<UL><LI> radio.o(.rodata.Radio)
</UL>
<P><STRONG><a name="[ea]"></a>RadioStandby</STRONG> (Thumb, 6 bytes, Stack size 0 bytes, radio.o(.text.RadioStandby))
<BR><BR>[Stack]<UL><LI>Max Depth = 60<LI>Call Chain = RadioStandby &rArr; SUBGRF_SetStandby &rArr; SUBGRF_WriteCommand &rArr; HAL_SUBGHZ_ExecSetCmd &rArr; SUBGHZSPI_Transmit
</UL>
<BR>[Calls]<UL><LI><a href="#[2c5]">&gt;&gt;</a>&nbsp;&nbsp;&nbsp;SUBGRF_SetStandby
</UL>
<BR>[Called By]<UL><LI><a href="#[fc]">&gt;&gt;</a>&nbsp;&nbsp;&nbsp;RadioSetTxGenericConfig
<LI><a href="#[e5]">&gt;&gt;</a>&nbsp;&nbsp;&nbsp;RadioSetTxConfig
<LI><a href="#[fb]">&gt;&gt;</a>&nbsp;&nbsp;&nbsp;RadioSetRxGenericConfig
<LI><a href="#[e4]">&gt;&gt;</a>&nbsp;&nbsp;&nbsp;RadioSetRxConfig
<LI><a href="#[e2]">&gt;&gt;</a>&nbsp;&nbsp;&nbsp;RadioIsChannelFree
</UL>
<BR>[Address Reference Count : 1]<UL><LI> radio.o(.rodata.Radio)
</UL>
<P><STRONG><a name="[ec]"></a>RadioStartCad</STRONG> (Thumb, 44 bytes, Stack size 8 bytes, radio.o(.text.RadioStartCad))
<BR><BR>[Stack]<UL><LI>Max Depth = 92<LI>Call Chain = RadioStartCad &rArr; SUBGRF_SetSwitch &rArr; Radio_SMPS_Set &rArr; SUBGRF_ReadRegister &rArr; HAL_SUBGHZ_ReadRegisters &rArr; SUBGHZSPI_Receive
</UL>
<BR>[Calls]<UL><LI><a href="#[2d2]">&gt;&gt;</a>&nbsp;&nbsp;&nbsp;SUBGRF_SetSwitch
<LI><a href="#[2c4]">&gt;&gt;</a>&nbsp;&nbsp;&nbsp;SUBGRF_SetDioIrqParams
<LI><a href="#[2e8]">&gt;&gt;</a>&nbsp;&nbsp;&nbsp;SUBGRF_SetCad
</UL>
<BR>[Address Reference Count : 1]<UL><LI> radio.o(.rodata.Radio)
</UL>
<P><STRONG><a name="[e7]"></a>RadioTimeOnAir</STRONG> (Thumb, 312 bytes, Stack size 24 bytes, radio.o(.text.RadioTimeOnAir))
<BR><BR>[Stack]<UL><LI>Max Depth = 24<LI>Call Chain = RadioTimeOnAir
</UL>
<BR>[Address Reference Count : 1]<UL><LI> radio.o(.rodata.Radio)
</UL>
<P><STRONG><a name="[fa]"></a>RadioTxCw</STRONG> (Thumb, 34 bytes, Stack size 8 bytes, radio.o(.text.RadioTxCw))
<BR><BR>[Stack]<UL><LI>Max Depth = 116<LI>Call Chain = RadioTxCw &rArr; SUBGRF_SetRfTxPower &rArr; SUBGRF_SetTxParams &rArr; SUBGRF_ReadRegister &rArr; HAL_SUBGHZ_ReadRegisters &rArr; SUBGHZSPI_Receive
</UL>
<BR>[Calls]<UL><LI><a href="#[91]">&gt;&gt;</a>&nbsp;&nbsp;&nbsp;SUBGRF_WriteRegister
<LI><a href="#[2e6]">&gt;&gt;</a>&nbsp;&nbsp;&nbsp;SUBGRF_SetTxContinuousWave
<LI><a href="#[2d2]">&gt;&gt;</a>&nbsp;&nbsp;&nbsp;SUBGRF_SetSwitch
<LI><a href="#[2e4]">&gt;&gt;</a>&nbsp;&nbsp;&nbsp;SUBGRF_SetRfTxPower
</UL>
<BR>[Address Reference Count : 1]<UL><LI> radio.o(.rodata.Radio)
</UL>
<P><STRONG><a name="[f9]"></a>RadioTxPrbs</STRONG> (Thumb, 48 bytes, Stack size 8 bytes, radio.o(.text.RadioTxPrbs))
<BR><BR>[Stack]<UL><LI>Max Depth = 92<LI>Call Chain = RadioTxPrbs &rArr; SUBGRF_SetSwitch &rArr; Radio_SMPS_Set &rArr; SUBGRF_ReadRegister &rArr; HAL_SUBGHZ_ReadRegisters &rArr; SUBGHZSPI_Receive
</UL>
<BR>[Calls]<UL><LI><a href="#[91]">&gt;&gt;</a>&nbsp;&nbsp;&nbsp;SUBGRF_WriteRegister
<LI><a href="#[2e9]">&gt;&gt;</a>&nbsp;&nbsp;&nbsp;SUBGRF_SetTxInfinitePreamble
<LI><a href="#[2ea]">&gt;&gt;</a>&nbsp;&nbsp;&nbsp;SUBGRF_SetTx
<LI><a href="#[2d2]">&gt;&gt;</a>&nbsp;&nbsp;&nbsp;SUBGRF_SetSwitch
</UL>
<BR>[Address Reference Count : 1]<UL><LI> radio.o(.rodata.Radio)
</UL>
<P><STRONG><a name="[ef]"></a>RadioWrite</STRONG> (Thumb, 4 bytes, Stack size 0 bytes, radio.o(.text.RadioWrite))
<BR><BR>[Stack]<UL><LI>Max Depth = 60<LI>Call Chain = RadioWrite &rArr; SUBGRF_WriteRegister &rArr; HAL_SUBGHZ_WriteRegisters &rArr; SUBGHZSPI_Transmit
</UL>
<BR>[Calls]<UL><LI><a href="#[91]">&gt;&gt;</a>&nbsp;&nbsp;&nbsp;SUBGRF_WriteRegister
</UL>
<BR>[Address Reference Count : 1]<UL><LI> radio.o(.rodata.Radio)
</UL>
<P><STRONG><a name="[f1]"></a>RadioWriteRegisters</STRONG> (Thumb, 4 bytes, Stack size 0 bytes, radio.o(.text.RadioWriteRegisters))
<BR><BR>[Stack]<UL><LI>Max Depth = 52<LI>Call Chain = RadioWriteRegisters &rArr; SUBGRF_WriteRegisters &rArr; HAL_SUBGHZ_WriteRegisters &rArr; SUBGHZSPI_Transmit
</UL>
<BR>[Calls]<UL><LI><a href="#[2eb]">&gt;&gt;</a>&nbsp;&nbsp;&nbsp;SUBGRF_WriteRegisters
</UL>
<BR>[Address Reference Count : 1]<UL><LI> radio.o(.rodata.Radio)
</UL>
<P><STRONG><a name="[2ec]"></a>Radio_SMPS_Set</STRONG> (Thumb, 42 bytes, Stack size 8 bytes, radio_driver.o(.text.Radio_SMPS_Set))
<BR><BR>[Stack]<UL><LI>Max Depth = 76<LI>Call Chain = Radio_SMPS_Set &rArr; SUBGRF_ReadRegister &rArr; HAL_SUBGHZ_ReadRegisters &rArr; SUBGHZSPI_Receive
</UL>
<BR>[Calls]<UL><LI><a href="#[2b9]">&gt;&gt;</a>&nbsp;&nbsp;&nbsp;RBI_IsDCDC
<LI><a href="#[91]">&gt;&gt;</a>&nbsp;&nbsp;&nbsp;SUBGRF_WriteRegister
<LI><a href="#[92]">&gt;&gt;</a>&nbsp;&nbsp;&nbsp;SUBGRF_ReadRegister
</UL>
<BR>[Called By]<UL><LI><a href="#[2d2]">&gt;&gt;</a>&nbsp;&nbsp;&nbsp;SUBGRF_SetSwitch
<LI><a href="#[2e7]">&gt;&gt;</a>&nbsp;&nbsp;&nbsp;SUBGRF_SetSleep
<LI><a href="#[2c0]">&gt;&gt;</a>&nbsp;&nbsp;&nbsp;SUBGRF_Init
</UL>

<P><STRONG><a name="[35c]"></a>TRACE_AllocateBufer</STRONG> (Thumb, 124 bytes, Stack size 20 bytes, stm32_adv_trace.o(.text.TRACE_AllocateBufer))
<BR><BR>[Stack]<UL><LI>Max Depth = 20<LI>Call Chain = TRACE_AllocateBufer
</UL>
<BR>[Called By]<UL><LI><a href="#[66]">&gt;&gt;</a>&nbsp;&nbsp;&nbsp;UTIL_ADV_TRACE_COND_FSend
</UL>

<P><STRONG><a name="[351]"></a>TRACE_Lock</STRONG> (Thumb, 24 bytes, Stack size 0 bytes, stm32_adv_trace.o(.text.TRACE_Lock))
<BR><BR>[Called By]<UL><LI><a href="#[66]">&gt;&gt;</a>&nbsp;&nbsp;&nbsp;UTIL_ADV_TRACE_COND_FSend
<LI><a href="#[350]">&gt;&gt;</a>&nbsp;&nbsp;&nbsp;TRACE_Send
</UL>

<P><STRONG><a name="[350]"></a>TRACE_Send</STRONG> (Thumb, 124 bytes, Stack size 16 bytes, stm32_adv_trace.o(.text.TRACE_Send))
<BR><BR>[Stack]<UL><LI>Max Depth = 16<LI>Call Chain = TRACE_Send
</UL>
<BR>[Calls]<UL><LI><a href="#[353]">&gt;&gt;</a>&nbsp;&nbsp;&nbsp;UTIL_ADV_TRACE_PreSendHook
<LI><a href="#[352]">&gt;&gt;</a>&nbsp;&nbsp;&nbsp;TRACE_UnLock
<LI><a href="#[351]">&gt;&gt;</a>&nbsp;&nbsp;&nbsp;TRACE_Lock
</UL>
<BR>[Called By]<UL><LI><a href="#[66]">&gt;&gt;</a>&nbsp;&nbsp;&nbsp;UTIL_ADV_TRACE_COND_FSend
</UL>

<P><STRONG><a name="[9e]"></a>TRACE_TxCpltCallback</STRONG> (Thumb, 144 bytes, Stack size 16 bytes, stm32_adv_trace.o(.text.TRACE_TxCpltCallback))
<BR><BR>[Stack]<UL><LI>Max Depth = 16<LI>Call Chain = TRACE_TxCpltCallback
</UL>
<BR>[Calls]<UL><LI><a href="#[354]">&gt;&gt;</a>&nbsp;&nbsp;&nbsp;UTIL_ADV_TRACE_PostSendHook
<LI><a href="#[352]">&gt;&gt;</a>&nbsp;&nbsp;&nbsp;TRACE_UnLock
</UL>
<BR>[Address Reference Count : 1]<UL><LI> stm32_adv_trace.o(.text.UTIL_ADV_TRACE_Init)
</UL>
<P><STRONG><a name="[352]"></a>TRACE_UnLock</STRONG> (Thumb, 28 bytes, Stack size 0 bytes, stm32_adv_trace.o(.text.TRACE_UnLock))
<BR><BR>[Called By]<UL><LI><a href="#[66]">&gt;&gt;</a>&nbsp;&nbsp;&nbsp;UTIL_ADV_TRACE_COND_FSend
<LI><a href="#[9e]">&gt;&gt;</a>&nbsp;&nbsp;&nbsp;TRACE_TxCpltCallback
<LI><a href="#[350]">&gt;&gt;</a>&nbsp;&nbsp;&nbsp;TRACE_Send
</UL>

<P><STRONG><a name="[342]"></a>CalendarDiv60</STRONG> (Thumb, 50 bytes, Stack size 16 bytes, stm32_systime.o(.text.CalendarDiv60))
<BR><BR>[Stack]<UL><LI>Max Depth = 16<LI>Call Chain = CalendarDiv60
</UL>
<BR>[Called By]<UL><LI><a href="#[15f]">&gt;&gt;</a>&nbsp;&nbsp;&nbsp;SysTimeLocalTime
</UL>

<P><STRONG><a name="[343]"></a>CalendarDiv61</STRONG> (Thumb, 48 bytes, Stack size 16 bytes, stm32_systime.o(.text.CalendarDiv61))
<BR><BR>[Stack]<UL><LI>Max Depth = 16<LI>Call Chain = CalendarDiv61
</UL>
<BR>[Called By]<UL><LI><a href="#[15f]">&gt;&gt;</a>&nbsp;&nbsp;&nbsp;SysTimeLocalTime
</UL>
<P>
<H3>
Undefined Global Symbols
</H3><HR></body></html>
