<html>
<body>
<pre>
<h1>µVision Build Log</h1>
<h2>Tool Versions:</h2>
IDE-Version: £gVision V5.29.0.0
Copyright (C) 2019 ARM Ltd and ARM Germany GmbH. All rights reserved.
License Information: weli wang, soho, LIC=IC9QD-8N2C1-HPYZN-Y6GYI-ZEPB3-FKHM0
 
Tool Versions:
Toolchain:       MDK-ARM Professional  Version: 5.29.0.0
Toolchain Path:  C:\Keil_v5\ARM\ARMCLANG\Bin
C Compiler:      ArmClang.exe V6.13.1
Assembler:       Armasm.exe V6.13.1
Linker/Locator:  ArmLink.exe V6.13.1
Library Manager: ArmAr.exe V6.13.1
Hex Converter:   FromElf.exe V6.13.1
CPU DLL:         SARMCM3.DLL V5.29.0.0
Dialog DLL:      DCM.DLL V1.17.3.0
Target DLL:      STLink\ST-LINKIII-KEIL_SWO.dll V3.0.7.0
Dialog DLL:      TCM.DLL V1.36.5.0
 
<h2>Project:</h2>
D:\GitHub\IT007\STM32Cube_FW_WL_V1.3.0\Projects\NUCLEO-WL55JC\Applications\SubGHz_Phy\SubGHz_Phy_PingPong\MDK-ARM\SubGHz_Phy_PingPong.uvprojx
Project File Date:  05/10/2024

<h2>Output:</h2>
*** Using Compiler 'V6.13.1', folder: 'C:\Keil_v5\ARM\ARMCLANG\Bin'
Rebuild target 'SubGHz_Phy_PingPong'
assembling startup_stm32wl55xx_cm4.s...
compiling main.c...
compiling dma.c...
compiling rtc.c...
compiling subghz.c...
compiling gpio.c...
compiling stm32_lpm_if.c...
compiling sys_app.c...
compiling sys_debug.c...
compiling stm32wlxx_it.c...
compiling usart_if.c...
compiling usart.c...
compiling timer_if.c...
compiling stm32wlxx_hal_msp.c...
compiling app_subghz_phy.c...
compiling subghz_phy_app.c...
compiling radio_board_if.c...
compiling stm32wlxx_nucleo_radio.c...
compiling stm32wlxx_nucleo.c...
compiling stm32wlxx_hal_flash.c...
compiling stm32wlxx_hal_rcc.c...
compiling stm32wlxx_hal_rcc_ex.c...
compiling stm32wlxx_hal_flash_ex.c...
compiling stm32wlxx_hal_gpio.c...
compiling stm32wlxx_hal_dma_ex.c...
compiling stm32wlxx_hal_dma.c...
compiling stm32wlxx_hal_cortex.c...
compiling stm32wlxx_hal_pwr.c...
compiling stm32wlxx_hal_pwr_ex.c...
compiling stm32wlxx_hal.c...
compiling stm32wlxx_hal_exti.c...
compiling stm32wlxx_hal_rtc.c...
compiling stm32wlxx_hal_tim_ex.c...
compiling stm32wlxx_hal_rtc_ex.c...
compiling stm32wlxx_hal_tim.c...
compiling stm32wlxx_hal_subghz.c...
compiling system_stm32wlxx.c...
compiling stm32wlxx_hal_uart_ex.c...
compiling stm32wlxx_hal_uart.c...
compiling lr_fhss_mac.c...
compiling radio_fw.c...
compiling radio_driver.c...
compiling radio.c...
compiling stm32_adv_trace.c...
compiling wl_lr_fhss.c...
compiling stm32_systime.c...
compiling stm32_mem.c...
compiling stm32_tiny_sscanf.c...
compiling stm32_tiny_vsnprintf.c...
compiling stm32_seq.c...
compiling stm32_lpm.c...
compiling stm32_timer.c...
linking...
Program Size: Code=26778 RO-data=1122 RW-data=28 ZI-data=36972  
FromELF: creating hex file...
"SubGHz_Phy_PingPong\SubGHz_Phy_PingPong.axf" - 0 Error(s), 0 Warning(s).

<h2>Software Packages used:</h2>

Package Vendor: ARM
                http://www.keil.com/pack/ARM.CMSIS.5.6.0.pack
                ARM.CMSIS.5.6.0
                CMSIS (Cortex Microcontroller Software Interface Standard)
   * Component: CORE Version: 5.3.0

Package Vendor: Keil
                http://www.keil.com/pack/Keil.STM32WLxx_DFP.1.1.0.pack
                Keil.STM32WLxx_DFP.1.1.0
                STMicroelectronics STM32WL Series Device Support

<h2>Collection of Component include folders:</h2>
  .\RTE\_SubGHz_Phy_PingPong
  C:\Keil_v5\ARM\PACK\ARM\CMSIS\5.6.0\CMSIS\Core\Include
  C:\Keil_v5\ARM\PACK\Keil\STM32WLxx_DFP\1.1.0\Drivers\CMSIS\Device\ST\STM32WLxx\Include

<h2>Collection of Component Files used:</h2>

   * Component: ARM::CMSIS:CORE:5.3.0
Build Time Elapsed:  00:00:17
</pre>
</body>
</html>
